> Task :app:preBuild UP-TO-DATE
> Task :app:preDebugBuild UP-TO-DATE
> Task :app:generateDebugBuildConfig UP-TO-DATE
> Task :app:checkDebugAarMetadata UP-TO-DATE
> Task :app:generateDebugResValues UP-TO-DATE
> Task :app:mapDebugSourceSetPaths UP-TO-DATE
> Task :app:generateDebugResources UP-TO-DATE
> Task :app:mergeDebugResources UP-TO-DATE
> Task :app:packageDebugResources UP-TO-DATE
> Task :app:parseDebugLocalResources UP-TO-DATE
> Task :app:createDebugCompatibleScreenManifests UP-TO-DATE
> Task :app:extractDeepLinksDebug UP-TO-DATE
> Task :app:processDebugMainManifest UP-TO-DATE
> Task :app:processDebugManifest UP-TO-DATE
> Task :app:processDebugManifestForPackage UP-TO-DATE
> Task :app:processDebugResources UP-TO-DATE
> Task :app:javaPreCompileDebug UP-TO-DATE

> Task :app:compileDebugKotlin FAILED
.\gradlew : e: file:///C:/one/Amnos/app/src/main/kotlin/com/amnos/browser/core/webview/AmnosWebView.kt:16:23 Unresolved 
reference: Context
At line:1 char:1
+ .\gradlew compileDebugUnitTestKotlin > compile_output.txt 2>&1
+ ~~~~~~~~~~~~~~~~~~~~~~~~~~~~~~~~~~~~~~~~~~~~~~~~~~~~~~~~~~~~~~
    + CategoryInfo          : NotSpecified: (e: file:///C:/o...erence: Context:String) [], RemoteException
    + FullyQualifiedErrorId : NativeCommandError
 
e: file:///C:/one/Amnos/app/src/main/kotlin/com/amnos/browser/core/webview/SecureWebView.kt:39:35 Unresolved reference: 
WebChromeClient
e: file:///C:/one/Amnos/app/src/main/kotlin/com/amnos/browser/core/webview/SecureWebView.kt:39:35 Type of 
'webChromeClient' doesn't match the type of the overridden var-property 'public abstract var webChromeClient: 
WebChromeClient? defined in com.amnos.browser.core.webview.AmnosWebView'
e: file:///C:/one/Amnos/app/src/main/kotlin/com/amnos/browser/core/webview/SecureWebView.kt:77:9 'applyHardening' hides 
member of supertype 'AmnosWebView' and needs 'override' modifier
e: file:///C:/one/Amnos/app/src/main/kotlin/com/amnos/browser/core/webview/SecureWebView.kt:127:9 'updateRuntimePolicy' 
hides member of supertype 'AmnosWebView' and needs 'override' modifier
e: file:///C:/one/Amnos/app/src/main/kotlin/com/amnos/browser/core/webview/SecureWebView.kt:167:9 'clearVolatileState' 
hides member of supertype 'AmnosWebView' and needs 'override' modifier
e: file:///C:/one/Amnos/app/src/main/kotlin/com/amnos/browser/core/webview/SecureWebView.kt:187:9 'surgicalTeardown' hides 
member of supertype 'AmnosWebView' and needs 'override' modifier
15 actionable tasks: 1 executed, 14 up-to-date
e: file:///C:/one/Amnos/app/src/main/kotlin/com/amnos/browser/ui/screens/browser/BrowserViewModel.kt:181:67 Unresolved 
reference: dispatchKeyEvent
e: file:///C:/one/Amnos/app/src/main/kotlin/com/amnos/browser/ui/screens/browser/BrowserViewModel.kt:182:59 Unresolved 
reference: dispatchKeyEvent
e: file:///C:/one/Amnos/app/src/main/kotlin/com/amnos/browser/ui/screens/browser/BrowserViewModel.kt:183:56 Unresolved 
reference: dispatchKeyEvent
e: file:///C:/one/Amnos/app/src/main/kotlin/com/amnos/browser/ui/screens/browser/logic/NavigationController.kt:40:20 
Unresolved reference: goBack
e: file:///C:/one/Amnos/app/src/main/kotlin/com/amnos/browser/ui/screens/browser/logic/NavigationController.kt:48:36 
Unresolved reference: goForward
e: file:///C:/one/Amnos/app/src/main/kotlin/com/amnos/browser/ui/screens/browser/logic/NavigationController.kt:60:36 
Unresolved reference: reload
e: file:///C:/one/Amnos/app/src/main/kotlin/com/amnos/browser/ui/screens/browser/logic/NavigationHandler.kt:27:20 
Unresolved reference: goBack
e: file:///C:/one/Amnos/app/src/main/kotlin/com/amnos/browser/ui/screens/browser/logic/NavigationHandler.kt:37:39 
Unresolved reference: goForward
e: file:///C:/one/Amnos/app/src/main/kotlin/com/amnos/browser/ui/screens/browser/logic/NavigationHandler.kt:62:21 
Unresolved reference: reload
e: file:///C:/one/Amnos/app/src/main/kotlin/com/amnos/browser/ui/screens/browser/views/BrowsingView.kt:62:25 Type 
mismatch: inferred type is AmnosWebView but View was expected
e: file:///C:/one/Amnos/app/src/main/kotlin/com/amnos/browser/ui/screens/browser/views/BrowsingView.kt:63:29 Unresolved 
reference: layoutParams

FAILURE: Build failed with an exception.

* What went wrong:
Execution failed for task ':app:compileDebugKotlin'.
> A failure occurred while executing 
org.jetbrains.kotlin.compilerRunner.GradleCompilerRunnerWithWorkers$GradleKotlinCompilerWorkAction
   > Compilation error. See log for more details

* Try:
> Run with --stacktrace option to get the stack trace.
> Run with --info or --debug option to get more log output.
> Run with --scan to get full insights.
> Get more help at https://help.gradle.org.

BUILD FAILED in 27s
