> Task :app:preBuild UP-TO-DATE
> Task :app:preDebugBuild UP-TO-DATE
> Task :app:generateDebugBuildConfig UP-TO-DATE
> Task :app:checkDebugAarMetadata UP-TO-DATE
> Task :app:generateDebugResValues UP-TO-DATE
> Task :app:mapDebugSourceSetPaths UP-TO-DATE
> Task :app:generateDebugResources UP-TO-DATE
> Task :app:mergeDebugResources UP-TO-DATE
> Task :app:packageDebugResources UP-TO-DATE
> Task :app:parseDebugLocalResources UP-TO-DATE
> Task :app:createDebugCompatibleScreenManifests UP-TO-DATE
> Task :app:extractDeepLinksDebug UP-TO-DATE
> Task :app:processDebugMainManifest UP-TO-DATE
> Task :app:processDebugManifest UP-TO-DATE
> Task :app:processDebugManifestForPackage UP-TO-DATE
> Task :app:processDebugResources UP-TO-DATE
> Task :app:compileDebugKotlin UP-TO-DATE
> Task :app:javaPreCompileDebug UP-TO-DATE
> Task :app:compileDebugJavaWithJavac UP-TO-DATE
> Task :app:bundleDebugClassesToCompileJar UP-TO-DATE

> Task :app:compileDebugUnitTestKotlin FAILED
./gradlew : e: file:///C:/
one/Amnos/app/src/test/kot
lin/com/amnos/browser/core
/fingerprint/FingerprintMa
nagerTest.kt:13:86 Type 
mismatch: inferred type 
is FingerprintProtectionLe
vel but PrivacyPolicy was 
expected
At line:1 char:1
+ ./gradlew :app:compileDe
bugUnitTestKotlin 
--console=plain > 
compile_e ...
+ ~~~~~~~~~~~~~~~~~~~~~~~~
~~~~~~~~~~~~~~~~~~~~~~~~~~
~~~~~~~~~~~~~~~~~~~
    + CategoryInfo        
      : NotSpecified: (e  
  : file:///C:/o...cy w   
 as expected:String) [    
], RemoteException
    + FullyQualifiedError 
   Id : NativeCommandErr  
  or
 
e: file:///C:/one/Amnos/ap
p/src/test/kotlin/com/amno
s/browser/core/fingerprint
/FingerprintManagerTest.kt
:14:87 Type mismatch: 
inferred type is Fingerpri
ntProtectionLevel but 
PrivacyPolicy was expected
e: file:///C:/one/Amnos/ap
p/src/test/kotlin/com/amno
s/browser/core/fingerprint
/FingerprintManagerTest.kt
:21:86 Type mismatch: 
inferred type is Fingerpri
ntProtectionLevel but 
PrivacyPolicy was expected
e: file:///C:/one/Amnos/ap
p/src/test/kotlin/com/amno
s/browser/core/fingerprint
/FingerprintManagerTest.kt
:22:87 Type mismatch: 
inferred type is Fingerpri
ntProtectionLevel but 
PrivacyPolicy was expected
e: file:///C:/one/Amnos/ap
p/src/test/kotlin/com/amno
s/browser/core/fingerprint
/FingerprintManagerTest.kt
:33:13 Type mismatch: 
inferred type is Fingerpri
ntProtectionLevel but 
PrivacyPolicy was expected
e: file:///C:/one/Amnos/ap
p/src/test/kotlin/com/amno
s/browser/core/fingerprint
/FingerprintManagerTest.kt
:47:13 Type mismatch: 
inferred type is Fingerpri
ntProtectionLevel but 
PrivacyPolicy was expected
e: file:///C:/one/Amnos/ap
p/src/test/kotlin/com/amno
s/browser/core/network/Pri
vacyPolicyLogicTest.kt:22:
36 Cannot find a 
parameter with this name: 
blockUnsafeMethods
e: file:///C:/one/Amnos/ap
p/src/test/kotlin/com/amno
s/browser/core/network/Pri
vacyPolicyLogicTest.kt:36:
45 Cannot find a 
parameter with this name: 
blockLocalNetwork
e: file:///C:/one/Amnos/ap
p/src/test/kotlin/com/amno
s/browser/core/network/Pri
vacyPolicyLogicTest.kt:39:
48 Cannot find a 
parameter with this name: 
blockLocalNetwork
e: file:///C:/one/Amnos/ap
p/src/test/kotlin/com/amno
s/browser/core/network/Sec
urityRuleEngineTest.kt:6:4
0 Unresolved reference: 
AmnosSandboxMode
e: file:///C:/one/Amnos/ap
p/src/test/kotlin/com/amno
s/browser/core/network/Sec
urityRuleEngineTest.kt:22:
9 Cannot find a parameter 
with this name: 
sandboxMode
e: file:///C:/one/Amnos/ap
p/src/test/kotlin/com/amno
s/browser/core/network/Sec
urityRuleEngineTest.kt:22:
23 Unresolved reference: 
AmnosSandboxMode
e: file:///C:/one/Amnos/ap
p/src/test/kotlin/com/amno
s/browser/core/network/Sec
urityRuleEngineTest.kt:23:
9 Cannot find a parameter 
with this name: 
blockThirdPartyRequests
e: file:///C:/one/Amnos/ap
p/src/test/kotlin/com/amno
s/browser/core/network/Sec
urityRuleEngineTest.kt:24:
9 Cannot find a parameter 
with this name: 
blockTrackers
e: file:///C:/one/Amnos/ap
p/src/test/kotlin/com/amno
s/browser/core/webview/Jav
aScriptRuntimeErrorTest.kt
:207:13 Cannot find a 
parameter with this name: 
domStorageEnabled
e: file:///C:/one/Amnos/ap
p/src/test/kotlin/com/amno
s/browser/core/webview/Jav
aScriptRuntimeErrorTest.kt
:208:13 Cannot find a 
parameter with this name: 
blockInlineScripts
e: file:///C:/one/Amnos/ap
p/src/test/kotlin/com/amno
s/browser/core/webview/Jav
aScriptRuntimeErrorTest.kt
:209:13 Cannot find a 
parameter with this name: 
blockWebSockets
e: file:///C:/one/Amnos/ap
p/src/test/kotlin/com/amno
s/browser/core/webview/Jav
aScriptRuntimeErrorTest.kt
:210:13 Cannot find a 
parameter with this name: 
allowFirstPartyWebSockets
e: file:///C:/one/Amnos/ap
p/src/test/kotlin/com/amno
s/browser/core/webview/Jav
aScriptRuntimeErrorTest.kt
:211:13 Cannot find a 
parameter with this name: 
blockWebRtc
e: file:///C:/one/Amnos/ap
p/src/test/kotlin/com/amno
s/browser/core/webview/Jav
aScriptRuntimeErrorTest.kt
:212:13 Cannot find a 
parameter with this name: 
blockDnsPrefetch
e: file:///C:/one/Amnos/ap
p/src/test/kotlin/com/amno
s/browser/core/webview/Jav
aScriptRuntimeErrorTest.kt
:213:13 Cannot find a 
parameter with this name: 
blockPreconnect
e: file:///C:/one/Amnos/ap
p/src/test/kotlin/com/amno
s/browser/core/webview/Jav
aScriptRuntimeErrorTest.kt
:214:13 Cannot find a 
parameter with this name: 
blockEval
e: file:///C:/one/Amnos/ap
p/src/test/kotlin/com/amno
s/browser/core/webview/Jav
aScriptRuntimeErrorTest.kt
:215:13 Cannot find a 
parameter with this name: 
blockServiceWorkers
e: file:///C:/one/Amnos/ap
p/src/test/kotlin/com/amno
s/browser/core/webview/Jav
aScriptRuntimeErrorTest.kt
:216:13 Cannot find a 
parameter with this name: 
webGlMode
e: file:///C:/one/Amnos/ap
p/src/test/kotlin/com/amno
s/browser/core/webview/Jav
aScriptRuntimeErrorTest.kt
:217:13 Cannot find a 
parameter with this name: 
strictFirstPartyIsolation
e: file:///C:/one/Amnos/ap
p/src/test/kotlin/com/amno
s/browser/core/webview/Jav
aScriptRuntimeErrorTest.kt
:218:13 Cannot find a 
parameter with this name: 
fingerprintProtectionLevel
e: file:///C:/one/Amnos/ap
p/src/test/kotlin/com/amno
s/browser/core/webview/Jav
aScriptRuntimeErrorTest.kt
:219:13 Cannot find a 
parameter with this name: 
forceRelaxSecurityForDebug
e: file:///C:/one/Amnos/ap
p/src/test/kotlin/com/amno
s/browser/core/webview/Jav
aScriptRuntimeErrorTest.kt
:220:13 Cannot find a 
parameter with this name: 
javascriptMode

FAILURE: Build failed 
with an exception.

* What went wrong:
Execution failed for task 
':app:compileDebugUnitTest
Kotlin'.
> A failure occurred 
while executing org.jetbra
ins.kotlin.compilerRunner.
GradleCompilerRunnerWithWo
rkers$GradleKotlinCompiler
WorkAction
   > Compilation error. 
See log for more details

* Try:
> Run with --stacktrace 
option to get the stack 
trace.
> Run with --info or 
--debug option to get 
more log output.
> Run with --scan to get 
full insights.
> Get more help at 
https://help.gradle.org.

BUILD FAILED in 2s
18 actionable tasks: 1 executed, 17 up-to-date
