Initialized native services in: C:\Users\PREM KUMAR\.gradle\native
Initialized jansi services in: C:\Users\PREM KUMAR\.gradle\native
Received JVM installation metadata from 'C:\Program Files\Java\jdk-17': {JAVA_HOME=C:\Program Files\Java\jdk-17, JAVA_VERSION=17.0.12, JAVA_VENDOR=Oracle Corporation, RUNTIME_NAME=Java(TM) SE Runtime Environment, RUNTIME_VERSION=17.0.12+8-LTS-286, VM_NAME=Java HotSpot(TM) 64-Bit Server VM, VM_VERSION=17.0.12+8-LTS-286, VM_VENDOR=Oracle Corporation, OS_ARCH=amd64}
The client will now receive all logging from the daemon (pid: 17544). The daemon log file: C:\Users\PREM KUMAR\.gradle\daemon\8.5\daemon-17544.out.log
Starting 2nd build in daemon [uptime: 2 mins 13.999 secs, performance: 100%, GC rate: 0.00/s, heap usage: 0% of 4 GiB]
Using 16 worker leases.
Now considering [C:\one\Amnos] as hierarchies to watch
Watching the file system is configured to be enabled if available
File system watching is active
Starting Build
Settings evaluated using settings file 'C:\one\Amnos\settings.gradle'.
Projects loaded. Root project using build file 'C:\one\Amnos\build.gradle'.
Included projects: [root project 'Amnos', project ':app']

> Configure project :
Evaluating root project 'Amnos' using build file 'C:\one\Amnos\build.gradle'.

> Configure project :app
Evaluating project ':app' using build file 'C:\one\Amnos\app\build.gradle'.
Using default execution profile
Using Kotlin Gradle Plugin gradle81 variant
All projects evaluated.
Task path ':app:testDebugUnitTest' matched project ':app'
Task name matched 'testDebugUnitTest'
Selected primary task 'testDebugUnitTest' from project :app
Tasks to be executed: [task ':app:preBuild', task ':app:preDebugBuild', task ':app:generateDebugBuildConfig', task ':app:checkDebugAarMetadata', task ':app:generateDebugResValues', task ':app:mapDebugSourceSetPaths', task ':app:generateDebugResources', task ':app:mergeDebugResources', task ':app:packageDebugResources', task ':app:parseDebugLocalResources', task ':app:createDebugCompatibleScreenManifests', task ':app:extractDeepLinksDebug', task ':app:processDebugMainManifest', task ':app:processDebugManifest', task ':app:processDebugManifestForPackage', task ':app:processDebugResources', task ':app:compileDebugKotlin', task ':app:javaPreCompileDebug', task ':app:compileDebugJavaWithJavac', task ':app:bundleDebugClassesToRuntimeJar', task ':app:bundleDebugClassesToCompileJar', task ':app:compileDebugUnitTestKotlin', task ':app:preDebugUnitTestBuild', task ':app:javaPreCompileDebugUnitTest', task ':app:compileDebugUnitTestJavaWithJavac', task ':app:processDebugJavaRes', task ':app:processDebugUnitTestJavaRes', task ':app:testDebugUnitTest']
Tasks that were excluded: []
Analytics other plugin to proto: Unknown plugin type org.gradle.api.plugins.JvmEcosystemPlugin$Inject expected enum ORG_GRADLE_API_PLUGINS_JVMECOSYSTEMPLUGIN
Analytics other plugin to proto: Unknown plugin type org.gradle.api.plugins.JvmToolchainsPlugin$Inject expected enum ORG_GRADLE_API_PLUGINS_JVMTOOLCHAINSPLUGIN
Resolve mutations for :app:preBuild (Thread[Execution worker,5,main]) started.
:app:preBuild (Thread[Execution worker Thread 13,5,main]) started.

> Task :app:preBuild UP-TO-DATE
Skipping task ':app:preBuild' as it has no actions.
Resolve mutations for :app:preDebugBuild (Thread[Execution worker Thread 13,5,main]) started.
:app:preDebugBuild (Thread[Execution worker Thread 13,5,main]) started.

> Task :app:preDebugBuild UP-TO-DATE
Skipping task ':app:preDebugBuild' as it has no actions.
Resolve mutations for :app:generateDebugBuildConfig (Thread[Execution worker Thread 13,5,main]) started.
:app:generateDebugBuildConfig (Thread[Execution worker Thread 13,5,main]) started.

> Task :app:generateDebugBuildConfig UP-TO-DATE
Caching disabled for task ':app:generateDebugBuildConfig' because:
  Build cache is disabled
Skipping task ':app:generateDebugBuildConfig' as it is up-to-date.
Resolve mutations for :app:checkDebugAarMetadata (Thread[Execution worker Thread 13,5,main]) started.
:app:checkDebugAarMetadata (Thread[Execution worker Thread 13,5,main]) started.

> Task :app:checkDebugAarMetadata UP-TO-DATE
Transforming material3-1.1.1.aar (androidx.compose.material3:material3:1.1.1) with JetifyTransform
Transforming material-icons-core-release.aar (androidx.compose.material:material-icons-core-android:1.5.0) with JetifyTransform
Transforming material-ripple-release.aar (androidx.compose.material:material-ripple-android:1.5.0) with JetifyTransform
Transforming material-icons-extended-release.aar (androidx.compose.material:material-icons-extended-android:1.5.0) with JetifyTransform
Transforming material-release.aar (androidx.compose.material:material-android:1.5.0) with JetifyTransform
Transforming animation-core-release.aar (androidx.compose.animation:animation-core-android:1.5.0) with JetifyTransform
Transforming animation-release.aar (androidx.compose.animation:animation-android:1.5.0) with JetifyTransform
Transforming animation-core-release.aar (androidx.compose.animation:animation-core-android:1.5.0) with ExtractAarTransform
Transforming animation-release.aar (androidx.compose.animation:animation-android:1.5.0) with ExtractAarTransform
Transforming material-icons-extended-release.aar (androidx.compose.material:material-icons-extended-android:1.5.0) with ExtractAarTransform
Transforming foundation-release.aar (androidx.compose.foundation:foundation-android:1.5.0) with JetifyTransform
Transforming animation-release.aar (androidx.compose.animation:animation-android:1.5.0) with AarTransform
Transforming material3-1.1.1.aar (androidx.compose.material3:material3:1.1.1) with ExtractAarTransform
Transforming ui-unit-release.aar (androidx.compose.ui:ui-unit-android:1.5.0) with JetifyTransform
Transforming material-release.aar (androidx.compose.material:material-android:1.5.0) with ExtractAarTransform
Transforming material-icons-core-release.aar (androidx.compose.material:material-icons-core-android:1.5.0) with ExtractAarTransform
Transforming material-ripple-release.aar (androidx.compose.material:material-ripple-android:1.5.0) with ExtractAarTransform
Transforming ui-geometry-release.aar (androidx.compose.ui:ui-geometry-android:1.5.0) with JetifyTransform
Transforming material-release.aar (androidx.compose.material:material-android:1.5.0) with AarTransform
Transforming ui-geometry-release.aar (androidx.compose.ui:ui-geometry-android:1.5.0) with ExtractAarTransform
Transforming ui-unit-release.aar (androidx.compose.ui:ui-unit-android:1.5.0) with ExtractAarTransform
Transforming material3-1.1.1.aar (androidx.compose.material3:material3:1.1.1) with AarTransform
Transforming foundation-release.aar (androidx.compose.foundation:foundation-android:1.5.0) with ExtractAarTransform
Transforming material-icons-extended-release.aar (androidx.compose.material:material-icons-extended-android:1.5.0) with AarTransform
Transforming animation-core-release.aar (androidx.compose.animation:animation-core-android:1.5.0) with AarTransform
Transforming foundation-release.aar (androidx.compose.foundation:foundation-android:1.5.0) with AarTransform
Transforming foundation-layout-release.aar (androidx.compose.foundation:foundation-layout-android:1.5.0) with JetifyTransform
Transforming ui-tooling-data-release.aar (androidx.compose.ui:ui-tooling-data-android:1.5.0) with JetifyTransform
Transforming ui-unit-release.aar (androidx.compose.ui:ui-unit-android:1.5.0) with AarTransform
Transforming ui-tooling-preview-release.aar (androidx.compose.ui:ui-tooling-preview-android:1.5.0) with JetifyTransform
Transforming ui-geometry-release.aar (androidx.compose.ui:ui-geometry-android:1.5.0) with AarTransform
Transforming ui-release.aar (androidx.compose.ui:ui-android:1.5.0) with JetifyTransform
Transforming ui-tooling-preview-release.aar (androidx.compose.ui:ui-tooling-preview-android:1.5.0) with ExtractAarTransform
Transforming material-ripple-release.aar (androidx.compose.material:material-ripple-android:1.5.0) with AarTransform
Transforming material-icons-core-release.aar (androidx.compose.material:material-icons-core-android:1.5.0) with AarTransform
Transforming ui-graphics-release.aar (androidx.compose.ui:ui-graphics-android:1.5.0) with JetifyTransform
Transforming ui-tooling-preview-release.aar (androidx.compose.ui:ui-tooling-preview-android:1.5.0) with AarTransform
Transforming ui-release.aar (androidx.compose.ui:ui-android:1.5.0) with ExtractAarTransform
Transforming ui-graphics-release.aar (androidx.compose.ui:ui-graphics-android:1.5.0) with ExtractAarTransform
Transforming activity-compose-1.8.0.aar (androidx.activity:activity-compose:1.8.0) with JetifyTransform
Transforming ui-release.aar (androidx.compose.ui:ui-android:1.5.0) with AarTransform
Transforming ui-tooling-data-release.aar (androidx.compose.ui:ui-tooling-data-android:1.5.0) with ExtractAarTransform
Transforming activity-compose-1.8.0.aar (androidx.activity:activity-compose:1.8.0) with ExtractAarTransform
Transforming ui-text-release.aar (androidx.compose.ui:ui-text-android:1.5.0) with JetifyTransform
Transforming activity-compose-1.8.0.aar (androidx.activity:activity-compose:1.8.0) with AarTransform
Transforming foundation-layout-release.aar (androidx.compose.foundation:foundation-layout-android:1.5.0) with ExtractAarTransform
Transforming ui-text-release.aar (androidx.compose.ui:ui-text-android:1.5.0) with ExtractAarTransform
Transforming ui-tooling-release.aar (androidx.compose.ui:ui-tooling-android:1.5.0) with JetifyTransform
Transforming foundation-layout-release.aar (androidx.compose.foundation:foundation-layout-android:1.5.0) with AarTransform
Transforming emoji2-1.4.0.aar (androidx.emoji2:emoji2:1.4.0) with JetifyTransform
Transforming ui-tooling-data-release.aar (androidx.compose.ui:ui-tooling-data-android:1.5.0) with AarTransform
Transforming ui-graphics-release.aar (androidx.compose.ui:ui-graphics-android:1.5.0) with AarTransform
Transforming emoji2-1.4.0.aar (androidx.emoji2:emoji2:1.4.0) with ExtractAarTransform
Transforming ui-tooling-release.aar (androidx.compose.ui:ui-tooling-android:1.5.0) with ExtractAarTransform
Transforming ui-text-release.aar (androidx.compose.ui:ui-text-android:1.5.0) with AarTransform
Transforming ui-tooling-release.aar (androidx.compose.ui:ui-tooling-android:1.5.0) with AarTransform
Transforming emoji2-1.4.0.aar (androidx.emoji2:emoji2:1.4.0) with AarTransform
Transforming savedstate-1.2.1.aar (androidx.savedstate:savedstate:1.2.1) with JetifyTransform
Transforming ui-test-manifest-1.5.0.aar (androidx.compose.ui:ui-test-manifest:1.5.0) with JetifyTransform
Transforming lifecycle-viewmodel-ktx-2.6.2.aar (androidx.lifecycle:lifecycle-viewmodel-ktx:2.6.2) with JetifyTransform
Transforming savedstate-1.2.1.aar (androidx.savedstate:savedstate:1.2.1) with ExtractAarTransform
Transforming ui-test-manifest-1.5.0.aar (androidx.compose.ui:ui-test-manifest:1.5.0) with ExtractAarTransform
Transforming customview-poolingcontainer-1.0.0.aar (androidx.customview:customview-poolingcontainer:1.0.0) with JetifyTransform
Transforming savedstate-1.2.1.aar (androidx.savedstate:savedstate:1.2.1) with AarTransform
Transforming lifecycle-viewmodel-ktx-2.6.2.aar (androidx.lifecycle:lifecycle-viewmodel-ktx:2.6.2) with ExtractAarTransform
Transforming customview-poolingcontainer-1.0.0.aar (androidx.customview:customview-poolingcontainer:1.0.0) with ExtractAarTransform
Transforming ui-test-manifest-1.5.0.aar (androidx.compose.ui:ui-test-manifest:1.5.0) with AarTransform
Transforming lifecycle-process-2.6.2.aar (androidx.lifecycle:lifecycle-process:2.6.2) with JetifyTransform
Transforming customview-poolingcontainer-1.0.0.aar (androidx.customview:customview-poolingcontainer:1.0.0) with AarTransform
Transforming lifecycle-viewmodel-2.6.2.aar (androidx.lifecycle:lifecycle-viewmodel:2.6.2) with JetifyTransform
Transforming lifecycle-viewmodel-ktx-2.6.2.aar (androidx.lifecycle:lifecycle-viewmodel-ktx:2.6.2) with AarTransform
Transforming lifecycle-process-2.6.2.aar (androidx.lifecycle:lifecycle-process:2.6.2) with ExtractAarTransform
Transforming core-ktx-1.12.0.aar (androidx.core:core-ktx:1.12.0) with JetifyTransform
Transforming activity-ktx-1.8.0.aar (androidx.activity:activity-ktx:1.8.0) with JetifyTransform
Transforming lifecycle-viewmodel-2.6.2.aar (androidx.lifecycle:lifecycle-viewmodel:2.6.2) with ExtractAarTransform
Transforming core-ktx-1.12.0.aar (androidx.core:core-ktx:1.12.0) with ExtractAarTransform
Transforming lifecycle-process-2.6.2.aar (androidx.lifecycle:lifecycle-process:2.6.2) with AarTransform
Transforming lifecycle-viewmodel-2.6.2.aar (androidx.lifecycle:lifecycle-viewmodel:2.6.2) with AarTransform
Transforming activity-ktx-1.8.0.aar (androidx.activity:activity-ktx:1.8.0) with ExtractAarTransform
Transforming core-ktx-1.12.0.aar (androidx.core:core-ktx:1.12.0) with AarTransform
Transforming activity-ktx-1.8.0.aar (androidx.activity:activity-ktx:1.8.0) with AarTransform
Transforming core-1.12.0.aar (androidx.core:core:1.12.0) with JetifyTransform
Transforming core-1.12.0.aar (androidx.core:core:1.12.0) with ExtractAarTransform
Transforming core-1.12.0.aar (androidx.core:core:1.12.0) with AarTransform
Transforming security-crypto-1.1.0-alpha06.aar (androidx.security:security-crypto:1.1.0-alpha06) with JetifyTransform
Transforming security-crypto-1.1.0-alpha06.aar (androidx.security:security-crypto:1.1.0-alpha06) with ExtractAarTransform
Transforming annotation-experimental-1.3.0.aar (androidx.annotation:annotation-experimental:1.3.0) with JetifyTransform
Transforming security-crypto-1.1.0-alpha06.aar (androidx.security:security-crypto:1.1.0-alpha06) with AarTransform
Transforming annotation-experimental-1.3.0.aar (androidx.annotation:annotation-experimental:1.3.0) with ExtractAarTransform
Transforming annotation-experimental-1.3.0.aar (androidx.annotation:annotation-experimental:1.3.0) with AarTransform
Transforming autofill-1.0.0.aar (androidx.autofill:autofill:1.0.0) with JetifyTransform
Transforming autofill-1.0.0.aar (androidx.autofill:autofill:1.0.0) with ExtractAarTransform
Transforming lifecycle-runtime-ktx-2.6.2.aar (androidx.lifecycle:lifecycle-runtime-ktx:2.6.2) with JetifyTransform
Transforming autofill-1.0.0.aar (androidx.autofill:autofill:1.0.0) with AarTransform
Transforming runtime-saveable-release.aar (androidx.compose.runtime:runtime-saveable-android:1.5.0) with JetifyTransform
Transforming lifecycle-runtime-ktx-2.6.2.aar (androidx.lifecycle:lifecycle-runtime-ktx:2.6.2) with ExtractAarTransform
Transforming runtime-saveable-release.aar (androidx.compose.runtime:runtime-saveable-android:1.5.0) with ExtractAarTransform
Transforming lifecycle-runtime-ktx-2.6.2.aar (androidx.lifecycle:lifecycle-runtime-ktx:2.6.2) with AarTransform
Transforming runtime-saveable-release.aar (androidx.compose.runtime:runtime-saveable-android:1.5.0) with AarTransform
Transforming interpolator-1.0.0.aar (androidx.interpolator:interpolator:1.0.0) with JetifyTransform
Transforming lifecycle-viewmodel-compose-2.6.2.aar (androidx.lifecycle:lifecycle-viewmodel-compose:2.6.2) with JetifyTransform
Transforming lifecycle-viewmodel-compose-2.6.2.aar (androidx.lifecycle:lifecycle-viewmodel-compose:2.6.2) with ExtractAarTransform
Transforming interpolator-1.0.0.aar (androidx.interpolator:interpolator:1.0.0) with ExtractAarTransform
Transforming lifecycle-viewmodel-compose-2.6.2.aar (androidx.lifecycle:lifecycle-viewmodel-compose:2.6.2) with AarTransform
Transforming interpolator-1.0.0.aar (androidx.interpolator:interpolator:1.0.0) with AarTransform
Transforming lifecycle-runtime-2.6.2.aar (androidx.lifecycle:lifecycle-runtime:2.6.2) with JetifyTransform
Transforming lifecycle-runtime-2.6.2.aar (androidx.lifecycle:lifecycle-runtime:2.6.2) with ExtractAarTransform
Transforming lifecycle-livedata-core-2.6.2.aar (androidx.lifecycle:lifecycle-livedata-core:2.6.2) with JetifyTransform
Transforming lifecycle-runtime-2.6.2.aar (androidx.lifecycle:lifecycle-runtime:2.6.2) with AarTransform
Transforming lifecycle-livedata-core-2.6.2.aar (androidx.lifecycle:lifecycle-livedata-core:2.6.2) with ExtractAarTransform
Transforming lifecycle-livedata-core-2.6.2.aar (androidx.lifecycle:lifecycle-livedata-core:2.6.2) with AarTransform
Transforming profileinstaller-1.3.0.aar (androidx.profileinstaller:profileinstaller:1.3.0) with JetifyTransform
Transforming profileinstaller-1.3.0.aar (androidx.profileinstaller:profileinstaller:1.3.0) with ExtractAarTransform
Transforming savedstate-ktx-1.2.1.aar (androidx.savedstate:savedstate-ktx:1.2.1) with JetifyTransform
Transforming profileinstaller-1.3.0.aar (androidx.profileinstaller:profileinstaller:1.3.0) with AarTransform
Transforming savedstate-ktx-1.2.1.aar (androidx.savedstate:savedstate-ktx:1.2.1) with ExtractAarTransform
Transforming webkit-1.11.0.aar (androidx.webkit:webkit:1.11.0) with JetifyTransform
Transforming savedstate-ktx-1.2.1.aar (androidx.savedstate:savedstate-ktx:1.2.1) with AarTransform
Transforming webkit-1.11.0.aar (androidx.webkit:webkit:1.11.0) with ExtractAarTransform
Transforming webkit-1.11.0.aar (androidx.webkit:webkit:1.11.0) with AarTransform
Transforming lifecycle-viewmodel-savedstate-2.6.2.aar (androidx.lifecycle:lifecycle-viewmodel-savedstate:2.6.2) with JetifyTransform
Transforming lifecycle-viewmodel-savedstate-2.6.2.aar (androidx.lifecycle:lifecycle-viewmodel-savedstate:2.6.2) with ExtractAarTransform
Transforming lifecycle-viewmodel-savedstate-2.6.2.aar (androidx.lifecycle:lifecycle-viewmodel-savedstate:2.6.2) with AarTransform
Transforming core-runtime-2.2.0.aar (androidx.arch.core:core-runtime:2.2.0) with JetifyTransform
Transforming core-runtime-2.2.0.aar (androidx.arch.core:core-runtime:2.2.0) with ExtractAarTransform
Transforming core-runtime-2.2.0.aar (androidx.arch.core:core-runtime:2.2.0) with AarTransform
Transforming versionedparcelable-1.1.1.aar (androidx.versionedparcelable:versionedparcelable:1.1.1) with JetifyTransform
Transforming versionedparcelable-1.1.1.aar (androidx.versionedparcelable:versionedparcelable:1.1.1) with ExtractAarTransform
Transforming ui-util-release.aar (androidx.compose.ui:ui-util-android:1.5.0) with JetifyTransform
Transforming versionedparcelable-1.1.1.aar (androidx.versionedparcelable:versionedparcelable:1.1.1) with AarTransform
Transforming ui-util-release.aar (androidx.compose.ui:ui-util-android:1.5.0) with ExtractAarTransform
Transforming runtime-release.aar (androidx.compose.runtime:runtime-android:1.5.0) with JetifyTransform
Transforming startup-runtime-1.1.1.aar (androidx.startup:startup-runtime:1.1.1) with JetifyTransform
Transforming ui-util-release.aar (androidx.compose.ui:ui-util-android:1.5.0) with AarTransform
Transforming tracing-1.0.0.aar (androidx.tracing:tracing:1.0.0) with JetifyTransform
Transforming startup-runtime-1.1.1.aar (androidx.startup:startup-runtime:1.1.1) with ExtractAarTransform
Transforming runtime-release.aar (androidx.compose.runtime:runtime-android:1.5.0) with ExtractAarTransform
Transforming tracing-1.0.0.aar (androidx.tracing:tracing:1.0.0) with ExtractAarTransform
Transforming startup-runtime-1.1.1.aar (androidx.startup:startup-runtime:1.1.1) with AarTransform
Transforming activity-1.8.0.aar (androidx.activity:activity:1.8.0) with JetifyTransform
Transforming core-1.12.0.aar (androidx.core:core:1.12.0) with JetifyTransform
Transforming tracing-1.0.0.aar (androidx.tracing:tracing:1.0.0) with AarTransform
Transforming activity-1.8.0.aar (androidx.activity:activity:1.8.0) with ExtractAarTransform
Transforming core-1.12.0.aar (androidx.core:core:1.12.0) with ExtractAarTransform
Transforming runtime-release.aar (androidx.compose.runtime:runtime-android:1.5.0) with AarTransform
Transforming core-1.12.0.aar (androidx.core:core:1.12.0) with AarTransform
Transforming activity-1.8.0.aar (androidx.activity:activity:1.8.0) with AarTransform
Caching disabled for task ':app:checkDebugAarMetadata' because:
  Build cache is disabled
Skipping task ':app:checkDebugAarMetadata' as it is up-to-date.
Resolve mutations for :app:generateDebugResValues (Thread[Execution worker Thread 13,5,main]) started.
:app:generateDebugResValues (Thread[Execution worker Thread 13,5,main]) started.

> Task :app:generateDebugResValues UP-TO-DATE
Caching disabled for task ':app:generateDebugResValues' because:
  Build cache is disabled
Skipping task ':app:generateDebugResValues' as it is up-to-date.
Resolve mutations for :app:mapDebugSourceSetPaths (Thread[Execution worker Thread 13,5,main]) started.
:app:mapDebugSourceSetPaths (Thread[Execution worker Thread 13,5,main]) started.

> Task :app:mapDebugSourceSetPaths UP-TO-DATE
Transforming material3-1.1.1.aar (androidx.compose.material3:material3:1.1.1) with JetifyTransform
Transforming material3-1.1.1.aar (androidx.compose.material3:material3:1.1.1) with ExtractAarTransform
Transforming material3-1.1.1.aar (androidx.compose.material3:material3:1.1.1) with AarTransform
Transforming material-ripple-release.aar (androidx.compose.material:material-ripple-android:1.5.0) with JetifyTransform
Transforming material-ripple-release.aar (androidx.compose.material:material-ripple-android:1.5.0) with ExtractAarTransform
Transforming material-ripple-release.aar (androidx.compose.material:material-ripple-android:1.5.0) with AarTransform
Transforming material-icons-core-release.aar (androidx.compose.material:material-icons-core-android:1.5.0) with JetifyTransform
Transforming material-icons-core-release.aar (androidx.compose.material:material-icons-core-android:1.5.0) with ExtractAarTransform
Transforming material-icons-core-release.aar (androidx.compose.material:material-icons-core-android:1.5.0) with AarTransform
Transforming material-icons-extended-release.aar (androidx.compose.material:material-icons-extended-android:1.5.0) with JetifyTransform
Transforming material-icons-extended-release.aar (androidx.compose.material:material-icons-extended-android:1.5.0) with ExtractAarTransform
Transforming material-icons-extended-release.aar (androidx.compose.material:material-icons-extended-android:1.5.0) with AarTransform
Transforming material-release.aar (androidx.compose.material:material-android:1.5.0) with JetifyTransform
Transforming material-release.aar (androidx.compose.material:material-android:1.5.0) with ExtractAarTransform
Transforming material-release.aar (androidx.compose.material:material-android:1.5.0) with AarTransform
Transforming animation-core-release.aar (androidx.compose.animation:animation-core-android:1.5.0) with JetifyTransform
Transforming animation-core-release.aar (androidx.compose.animation:animation-core-android:1.5.0) with ExtractAarTransform
Transforming animation-core-release.aar (androidx.compose.animation:animation-core-android:1.5.0) with AarTransform
Transforming animation-release.aar (androidx.compose.animation:animation-android:1.5.0) with JetifyTransform
Transforming animation-release.aar (androidx.compose.animation:animation-android:1.5.0) with ExtractAarTransform
Transforming animation-release.aar (androidx.compose.animation:animation-android:1.5.0) with AarTransform
Transforming foundation-layout-release.aar (androidx.compose.foundation:foundation-layout-android:1.5.0) with JetifyTransform
Transforming foundation-layout-release.aar (androidx.compose.foundation:foundation-layout-android:1.5.0) with ExtractAarTransform
Transforming foundation-layout-release.aar (androidx.compose.foundation:foundation-layout-android:1.5.0) with AarTransform
Transforming foundation-release.aar (androidx.compose.foundation:foundation-android:1.5.0) with JetifyTransform
Transforming foundation-release.aar (androidx.compose.foundation:foundation-android:1.5.0) with ExtractAarTransform
Transforming foundation-release.aar (androidx.compose.foundation:foundation-android:1.5.0) with AarTransform
Transforming ui-tooling-data-release.aar (androidx.compose.ui:ui-tooling-data-android:1.5.0) with JetifyTransform
Transforming ui-tooling-data-release.aar (androidx.compose.ui:ui-tooling-data-android:1.5.0) with ExtractAarTransform
Transforming ui-tooling-data-release.aar (androidx.compose.ui:ui-tooling-data-android:1.5.0) with AarTransform
Transforming ui-unit-release.aar (androidx.compose.ui:ui-unit-android:1.5.0) with JetifyTransform
Transforming ui-unit-release.aar (androidx.compose.ui:ui-unit-android:1.5.0) with ExtractAarTransform
Transforming ui-unit-release.aar (androidx.compose.ui:ui-unit-android:1.5.0) with AarTransform
Transforming ui-geometry-release.aar (androidx.compose.ui:ui-geometry-android:1.5.0) with JetifyTransform
Transforming ui-geometry-release.aar (androidx.compose.ui:ui-geometry-android:1.5.0) with ExtractAarTransform
Transforming ui-geometry-release.aar (androidx.compose.ui:ui-geometry-android:1.5.0) with AarTransform
Transforming ui-util-release.aar (androidx.compose.ui:ui-util-android:1.5.0) with JetifyTransform
Transforming ui-util-release.aar (androidx.compose.ui:ui-util-android:1.5.0) with ExtractAarTransform
Transforming ui-util-release.aar (androidx.compose.ui:ui-util-android:1.5.0) with AarTransform
Transforming ui-text-release.aar (androidx.compose.ui:ui-text-android:1.5.0) with JetifyTransform
Transforming ui-text-release.aar (androidx.compose.ui:ui-text-android:1.5.0) with ExtractAarTransform
Transforming ui-text-release.aar (androidx.compose.ui:ui-text-android:1.5.0) with AarTransform
Transforming ui-tooling-preview-release.aar (androidx.compose.ui:ui-tooling-preview-android:1.5.0) with JetifyTransform
Transforming ui-tooling-preview-release.aar (androidx.compose.ui:ui-tooling-preview-android:1.5.0) with ExtractAarTransform
Transforming ui-tooling-preview-release.aar (androidx.compose.ui:ui-tooling-preview-android:1.5.0) with AarTransform
Transforming ui-graphics-release.aar (androidx.compose.ui:ui-graphics-android:1.5.0) with JetifyTransform
Transforming ui-graphics-release.aar (androidx.compose.ui:ui-graphics-android:1.5.0) with ExtractAarTransform
Transforming ui-graphics-release.aar (androidx.compose.ui:ui-graphics-android:1.5.0) with AarTransform
Transforming ui-release.aar (androidx.compose.ui:ui-android:1.5.0) with JetifyTransform
Transforming ui-release.aar (androidx.compose.ui:ui-android:1.5.0) with ExtractAarTransform
Transforming ui-release.aar (androidx.compose.ui:ui-android:1.5.0) with AarTransform
Transforming ui-test-manifest-1.5.0.aar (androidx.compose.ui:ui-test-manifest:1.5.0) with JetifyTransform
Transforming ui-test-manifest-1.5.0.aar (androidx.compose.ui:ui-test-manifest:1.5.0) with ExtractAarTransform
Transforming ui-test-manifest-1.5.0.aar (androidx.compose.ui:ui-test-manifest:1.5.0) with AarTransform
Transforming ui-tooling-release.aar (androidx.compose.ui:ui-tooling-android:1.5.0) with JetifyTransform
Transforming ui-tooling-release.aar (androidx.compose.ui:ui-tooling-android:1.5.0) with ExtractAarTransform
Transforming ui-tooling-release.aar (androidx.compose.ui:ui-tooling-android:1.5.0) with AarTransform
Transforming activity-1.8.0.aar (androidx.activity:activity:1.8.0) with JetifyTransform
Transforming activity-1.8.0.aar (androidx.activity:activity:1.8.0) with ExtractAarTransform
Transforming activity-1.8.0.aar (androidx.activity:activity:1.8.0) with AarTransform
Transforming activity-compose-1.8.0.aar (androidx.activity:activity-compose:1.8.0) with JetifyTransform
Transforming activity-compose-1.8.0.aar (androidx.activity:activity-compose:1.8.0) with ExtractAarTransform
Transforming activity-compose-1.8.0.aar (androidx.activity:activity-compose:1.8.0) with AarTransform
Transforming activity-ktx-1.8.0.aar (androidx.activity:activity-ktx:1.8.0) with JetifyTransform
Transforming activity-ktx-1.8.0.aar (androidx.activity:activity-ktx:1.8.0) with ExtractAarTransform
Transforming activity-ktx-1.8.0.aar (androidx.activity:activity-ktx:1.8.0) with AarTransform
Transforming emoji2-1.4.0.aar (androidx.emoji2:emoji2:1.4.0) with JetifyTransform
Transforming emoji2-1.4.0.aar (androidx.emoji2:emoji2:1.4.0) with ExtractAarTransform
Transforming emoji2-1.4.0.aar (androidx.emoji2:emoji2:1.4.0) with AarTransform
Transforming lifecycle-process-2.6.2.aar (androidx.lifecycle:lifecycle-process:2.6.2) with JetifyTransform
Transforming lifecycle-process-2.6.2.aar (androidx.lifecycle:lifecycle-process:2.6.2) with ExtractAarTransform
Transforming lifecycle-process-2.6.2.aar (androidx.lifecycle:lifecycle-process:2.6.2) with AarTransform
Transforming lifecycle-livedata-core-2.6.2.aar (androidx.lifecycle:lifecycle-livedata-core:2.6.2) with JetifyTransform
Transforming lifecycle-livedata-core-2.6.2.aar (androidx.lifecycle:lifecycle-livedata-core:2.6.2) with ExtractAarTransform
Transforming lifecycle-livedata-core-2.6.2.aar (androidx.lifecycle:lifecycle-livedata-core:2.6.2) with AarTransform
Transforming savedstate-ktx-1.2.1.aar (androidx.savedstate:savedstate-ktx:1.2.1) with JetifyTransform
Transforming savedstate-ktx-1.2.1.aar (androidx.savedstate:savedstate-ktx:1.2.1) with ExtractAarTransform
Transforming savedstate-ktx-1.2.1.aar (androidx.savedstate:savedstate-ktx:1.2.1) with AarTransform
Transforming savedstate-1.2.1.aar (androidx.savedstate:savedstate:1.2.1) with JetifyTransform
Transforming savedstate-1.2.1.aar (androidx.savedstate:savedstate:1.2.1) with ExtractAarTransform
Transforming savedstate-1.2.1.aar (androidx.savedstate:savedstate:1.2.1) with AarTransform
Transforming lifecycle-viewmodel-ktx-2.6.2.aar (androidx.lifecycle:lifecycle-viewmodel-ktx:2.6.2) with JetifyTransform
Transforming lifecycle-viewmodel-ktx-2.6.2.aar (androidx.lifecycle:lifecycle-viewmodel-ktx:2.6.2) with ExtractAarTransform
Transforming lifecycle-viewmodel-ktx-2.6.2.aar (androidx.lifecycle:lifecycle-viewmodel-ktx:2.6.2) with AarTransform
Transforming lifecycle-viewmodel-2.6.2.aar (androidx.lifecycle:lifecycle-viewmodel:2.6.2) with JetifyTransform
Transforming lifecycle-viewmodel-2.6.2.aar (androidx.lifecycle:lifecycle-viewmodel:2.6.2) with ExtractAarTransform
Transforming lifecycle-viewmodel-2.6.2.aar (androidx.lifecycle:lifecycle-viewmodel:2.6.2) with AarTransform
Transforming lifecycle-viewmodel-savedstate-2.6.2.aar (androidx.lifecycle:lifecycle-viewmodel-savedstate:2.6.2) with JetifyTransform
Transforming lifecycle-viewmodel-savedstate-2.6.2.aar (androidx.lifecycle:lifecycle-viewmodel-savedstate:2.6.2) with ExtractAarTransform
Transforming lifecycle-viewmodel-savedstate-2.6.2.aar (androidx.lifecycle:lifecycle-viewmodel-savedstate:2.6.2) with AarTransform
Transforming customview-poolingcontainer-1.0.0.aar (androidx.customview:customview-poolingcontainer:1.0.0) with JetifyTransform
Transforming customview-poolingcontainer-1.0.0.aar (androidx.customview:customview-poolingcontainer:1.0.0) with ExtractAarTransform
Transforming customview-poolingcontainer-1.0.0.aar (androidx.customview:customview-poolingcontainer:1.0.0) with AarTransform
Transforming core-ktx-1.12.0.aar (androidx.core:core-ktx:1.12.0) with JetifyTransform
Transforming core-ktx-1.12.0.aar (androidx.core:core-ktx:1.12.0) with ExtractAarTransform
Transforming core-ktx-1.12.0.aar (androidx.core:core-ktx:1.12.0) with AarTransform
Transforming webkit-1.11.0.aar (androidx.webkit:webkit:1.11.0) with JetifyTransform
Transforming webkit-1.11.0.aar (androidx.webkit:webkit:1.11.0) with ExtractAarTransform
Transforming webkit-1.11.0.aar (androidx.webkit:webkit:1.11.0) with AarTransform
Transforming autofill-1.0.0.aar (androidx.autofill:autofill:1.0.0) with JetifyTransform
Transforming autofill-1.0.0.aar (androidx.autofill:autofill:1.0.0) with ExtractAarTransform
Transforming autofill-1.0.0.aar (androidx.autofill:autofill:1.0.0) with AarTransform
Transforming core-1.12.0.aar (androidx.core:core:1.12.0) with JetifyTransform
Transforming core-1.12.0.aar (androidx.core:core:1.12.0) with ExtractAarTransform
Transforming core-1.12.0.aar (androidx.core:core:1.12.0) with AarTransform
Transforming core-1.12.0.aar (androidx.core:core:1.12.0) with JetifyTransform
Transforming core-1.12.0.aar (androidx.core:core:1.12.0) with ExtractAarTransform
Transforming core-1.12.0.aar (androidx.core:core:1.12.0) with AarTransform
Transforming lifecycle-runtime-2.6.2.aar (androidx.lifecycle:lifecycle-runtime:2.6.2) with JetifyTransform
Transforming lifecycle-runtime-2.6.2.aar (androidx.lifecycle:lifecycle-runtime:2.6.2) with ExtractAarTransform
Transforming lifecycle-runtime-2.6.2.aar (androidx.lifecycle:lifecycle-runtime:2.6.2) with AarTransform
Transforming lifecycle-viewmodel-compose-2.6.2.aar (androidx.lifecycle:lifecycle-viewmodel-compose:2.6.2) with JetifyTransform
Transforming lifecycle-viewmodel-compose-2.6.2.aar (androidx.lifecycle:lifecycle-viewmodel-compose:2.6.2) with ExtractAarTransform
Transforming lifecycle-viewmodel-compose-2.6.2.aar (androidx.lifecycle:lifecycle-viewmodel-compose:2.6.2) with AarTransform
Transforming lifecycle-runtime-ktx-2.6.2.aar (androidx.lifecycle:lifecycle-runtime-ktx:2.6.2) with JetifyTransform
Transforming lifecycle-runtime-ktx-2.6.2.aar (androidx.lifecycle:lifecycle-runtime-ktx:2.6.2) with ExtractAarTransform
Transforming lifecycle-runtime-ktx-2.6.2.aar (androidx.lifecycle:lifecycle-runtime-ktx:2.6.2) with AarTransform
Transforming runtime-saveable-release.aar (androidx.compose.runtime:runtime-saveable-android:1.5.0) with JetifyTransform
Transforming runtime-saveable-release.aar (androidx.compose.runtime:runtime-saveable-android:1.5.0) with ExtractAarTransform
Transforming runtime-saveable-release.aar (androidx.compose.runtime:runtime-saveable-android:1.5.0) with AarTransform
Transforming runtime-release.aar (androidx.compose.runtime:runtime-android:1.5.0) with JetifyTransform
Transforming runtime-release.aar (androidx.compose.runtime:runtime-android:1.5.0) with ExtractAarTransform
Transforming runtime-release.aar (androidx.compose.runtime:runtime-android:1.5.0) with AarTransform
Transforming security-crypto-1.1.0-alpha06.aar (androidx.security:security-crypto:1.1.0-alpha06) with JetifyTransform
Transforming security-crypto-1.1.0-alpha06.aar (androidx.security:security-crypto:1.1.0-alpha06) with ExtractAarTransform
Transforming security-crypto-1.1.0-alpha06.aar (androidx.security:security-crypto:1.1.0-alpha06) with AarTransform
Transforming annotation-experimental-1.3.0.aar (androidx.annotation:annotation-experimental:1.3.0) with JetifyTransform
Transforming annotation-experimental-1.3.0.aar (androidx.annotation:annotation-experimental:1.3.0) with ExtractAarTransform
Transforming annotation-experimental-1.3.0.aar (androidx.annotation:annotation-experimental:1.3.0) with AarTransform
Transforming versionedparcelable-1.1.1.aar (androidx.versionedparcelable:versionedparcelable:1.1.1) with JetifyTransform
Transforming versionedparcelable-1.1.1.aar (androidx.versionedparcelable:versionedparcelable:1.1.1) with ExtractAarTransform
Transforming versionedparcelable-1.1.1.aar (androidx.versionedparcelable:versionedparcelable:1.1.1) with AarTransform
Transforming interpolator-1.0.0.aar (androidx.interpolator:interpolator:1.0.0) with JetifyTransform
Transforming interpolator-1.0.0.aar (androidx.interpolator:interpolator:1.0.0) with ExtractAarTransform
Transforming interpolator-1.0.0.aar (androidx.interpolator:interpolator:1.0.0) with AarTransform
Transforming core-runtime-2.2.0.aar (androidx.arch.core:core-runtime:2.2.0) with JetifyTransform
Transforming core-runtime-2.2.0.aar (androidx.arch.core:core-runtime:2.2.0) with ExtractAarTransform
Transforming core-runtime-2.2.0.aar (androidx.arch.core:core-runtime:2.2.0) with AarTransform
Transforming profileinstaller-1.3.0.aar (androidx.profileinstaller:profileinstaller:1.3.0) with JetifyTransform
Transforming profileinstaller-1.3.0.aar (androidx.profileinstaller:profileinstaller:1.3.0) with ExtractAarTransform
Transforming profileinstaller-1.3.0.aar (androidx.profileinstaller:profileinstaller:1.3.0) with AarTransform
Transforming startup-runtime-1.1.1.aar (androidx.startup:startup-runtime:1.1.1) with JetifyTransform
Transforming startup-runtime-1.1.1.aar (androidx.startup:startup-runtime:1.1.1) with ExtractAarTransform
Transforming startup-runtime-1.1.1.aar (androidx.startup:startup-runtime:1.1.1) with AarTransform
Transforming tracing-1.0.0.aar (androidx.tracing:tracing:1.0.0) with JetifyTransform
Transforming tracing-1.0.0.aar (androidx.tracing:tracing:1.0.0) with ExtractAarTransform
Transforming tracing-1.0.0.aar (androidx.tracing:tracing:1.0.0) with AarTransform
Caching disabled for task ':app:mapDebugSourceSetPaths' because:
  Build cache is disabled
Skipping task ':app:mapDebugSourceSetPaths' as it is up-to-date.
Resolve mutations for :app:generateDebugResources (Thread[Execution worker Thread 3,5,main]) started.
:app:generateDebugResources (Thread[Execution worker Thread 13,5,main]) started.

> Task :app:generateDebugResources UP-TO-DATE
Skipping task ':app:generateDebugResources' as it has no actions.
Resolve mutations for :app:mergeDebugResources (Thread[Execution worker Thread 13,5,main]) started.
:app:mergeDebugResources (Thread[Execution worker Thread 13,5,main]) started.

> Task :app:mergeDebugResources UP-TO-DATE
Caching disabled for task ':app:mergeDebugResources' because:
  Build cache is disabled
Skipping task ':app:mergeDebugResources' as it is up-to-date.
Resolve mutations for :app:packageDebugResources (Thread[Execution worker Thread 13,5,main]) started.
:app:packageDebugResources (Thread[Execution worker Thread 13,5,main]) started.

> Task :app:packageDebugResources UP-TO-DATE
Caching disabled for task ':app:packageDebugResources' because:
  Build cache is disabled
Skipping task ':app:packageDebugResources' as it is up-to-date.
Resolve mutations for :app:parseDebugLocalResources (Thread[Execution worker Thread 13,5,main]) started.
:app:parseDebugLocalResources (Thread[Execution worker Thread 13,5,main]) started.

> Task :app:parseDebugLocalResources UP-TO-DATE
Transforming android.jar with PlatformAttrTransform
Transforming android.jar with PlatformAttrTransform
Caching disabled for task ':app:parseDebugLocalResources' because:
  Build cache is disabled
Skipping task ':app:parseDebugLocalResources' as it is up-to-date.
Resolve mutations for :app:createDebugCompatibleScreenManifests (Thread[Execution worker Thread 13,5,main]) started.
:app:createDebugCompatibleScreenManifests (Thread[Execution worker Thread 13,5,main]) started.

> Task :app:createDebugCompatibleScreenManifests UP-TO-DATE
Caching disabled for task ':app:createDebugCompatibleScreenManifests' because:
  Build cache is disabled
Skipping task ':app:createDebugCompatibleScreenManifests' as it is up-to-date.
Resolve mutations for :app:extractDeepLinksDebug (Thread[Execution worker Thread 13,5,main]) started.
:app:extractDeepLinksDebug (Thread[Execution worker Thread 13,5,main]) started.

> Task :app:extractDeepLinksDebug UP-TO-DATE
Caching disabled for task ':app:extractDeepLinksDebug' because:
  Build cache is disabled
Skipping task ':app:extractDeepLinksDebug' as it is up-to-date.
Resolve mutations for :app:processDebugMainManifest (Thread[Execution worker Thread 13,5,main]) started.
:app:processDebugMainManifest (Thread[Execution worker Thread 13,5,main]) started.

> Task :app:processDebugMainManifest UP-TO-DATE
Transforming material3-1.1.1.aar (androidx.compose.material3:material3:1.1.1) with JetifyTransform
Transforming material3-1.1.1.aar (androidx.compose.material3:material3:1.1.1) with ExtractAarTransform
Transforming material3-1.1.1.aar (androidx.compose.material3:material3:1.1.1) with AarTransform
Transforming material-ripple-release.aar (androidx.compose.material:material-ripple-android:1.5.0) with JetifyTransform
Transforming material-ripple-release.aar (androidx.compose.material:material-ripple-android:1.5.0) with ExtractAarTransform
Transforming material-ripple-release.aar (androidx.compose.material:material-ripple-android:1.5.0) with AarTransform
Transforming material-icons-core-release.aar (androidx.compose.material:material-icons-core-android:1.5.0) with JetifyTransform
Transforming material-icons-core-release.aar (androidx.compose.material:material-icons-core-android:1.5.0) with ExtractAarTransform
Transforming material-icons-core-release.aar (androidx.compose.material:material-icons-core-android:1.5.0) with AarTransform
Transforming material-icons-extended-release.aar (androidx.compose.material:material-icons-extended-android:1.5.0) with JetifyTransform
Transforming material-icons-extended-release.aar (androidx.compose.material:material-icons-extended-android:1.5.0) with ExtractAarTransform
Transforming material-icons-extended-release.aar (androidx.compose.material:material-icons-extended-android:1.5.0) with AarTransform
Transforming material-release.aar (androidx.compose.material:material-android:1.5.0) with JetifyTransform
Transforming material-release.aar (androidx.compose.material:material-android:1.5.0) with ExtractAarTransform
Transforming material-release.aar (androidx.compose.material:material-android:1.5.0) with AarTransform
Transforming animation-core-release.aar (androidx.compose.animation:animation-core-android:1.5.0) with JetifyTransform
Transforming animation-core-release.aar (androidx.compose.animation:animation-core-android:1.5.0) with ExtractAarTransform
Transforming animation-core-release.aar (androidx.compose.animation:animation-core-android:1.5.0) with AarTransform
Transforming animation-release.aar (androidx.compose.animation:animation-android:1.5.0) with JetifyTransform
Transforming animation-release.aar (androidx.compose.animation:animation-android:1.5.0) with ExtractAarTransform
Transforming animation-release.aar (androidx.compose.animation:animation-android:1.5.0) with AarTransform
Transforming foundation-layout-release.aar (androidx.compose.foundation:foundation-layout-android:1.5.0) with JetifyTransform
Transforming foundation-layout-release.aar (androidx.compose.foundation:foundation-layout-android:1.5.0) with ExtractAarTransform
Transforming foundation-layout-release.aar (androidx.compose.foundation:foundation-layout-android:1.5.0) with AarTransform
Transforming foundation-release.aar (androidx.compose.foundation:foundation-android:1.5.0) with JetifyTransform
Transforming foundation-release.aar (androidx.compose.foundation:foundation-android:1.5.0) with ExtractAarTransform
Transforming foundation-release.aar (androidx.compose.foundation:foundation-android:1.5.0) with AarTransform
Transforming ui-tooling-data-release.aar (androidx.compose.ui:ui-tooling-data-android:1.5.0) with JetifyTransform
Transforming ui-tooling-data-release.aar (androidx.compose.ui:ui-tooling-data-android:1.5.0) with ExtractAarTransform
Transforming ui-tooling-data-release.aar (androidx.compose.ui:ui-tooling-data-android:1.5.0) with AarTransform
Transforming ui-unit-release.aar (androidx.compose.ui:ui-unit-android:1.5.0) with JetifyTransform
Transforming ui-unit-release.aar (androidx.compose.ui:ui-unit-android:1.5.0) with ExtractAarTransform
Transforming ui-unit-release.aar (androidx.compose.ui:ui-unit-android:1.5.0) with AarTransform
Transforming ui-geometry-release.aar (androidx.compose.ui:ui-geometry-android:1.5.0) with JetifyTransform
Transforming ui-geometry-release.aar (androidx.compose.ui:ui-geometry-android:1.5.0) with ExtractAarTransform
Transforming ui-geometry-release.aar (androidx.compose.ui:ui-geometry-android:1.5.0) with AarTransform
Transforming ui-util-release.aar (androidx.compose.ui:ui-util-android:1.5.0) with JetifyTransform
Transforming ui-util-release.aar (androidx.compose.ui:ui-util-android:1.5.0) with ExtractAarTransform
Transforming ui-util-release.aar (androidx.compose.ui:ui-util-android:1.5.0) with AarTransform
Transforming ui-text-release.aar (androidx.compose.ui:ui-text-android:1.5.0) with JetifyTransform
Transforming ui-text-release.aar (androidx.compose.ui:ui-text-android:1.5.0) with ExtractAarTransform
Transforming ui-text-release.aar (androidx.compose.ui:ui-text-android:1.5.0) with AarTransform
Transforming ui-tooling-preview-release.aar (androidx.compose.ui:ui-tooling-preview-android:1.5.0) with JetifyTransform
Transforming ui-tooling-preview-release.aar (androidx.compose.ui:ui-tooling-preview-android:1.5.0) with ExtractAarTransform
Transforming ui-tooling-preview-release.aar (androidx.compose.ui:ui-tooling-preview-android:1.5.0) with AarTransform
Transforming ui-graphics-release.aar (androidx.compose.ui:ui-graphics-android:1.5.0) with JetifyTransform
Transforming ui-graphics-release.aar (androidx.compose.ui:ui-graphics-android:1.5.0) with ExtractAarTransform
Transforming ui-graphics-release.aar (androidx.compose.ui:ui-graphics-android:1.5.0) with AarTransform
Transforming ui-release.aar (androidx.compose.ui:ui-android:1.5.0) with JetifyTransform
Transforming ui-release.aar (androidx.compose.ui:ui-android:1.5.0) with ExtractAarTransform
Transforming ui-release.aar (androidx.compose.ui:ui-android:1.5.0) with AarTransform
Transforming ui-test-manifest-1.5.0.aar (androidx.compose.ui:ui-test-manifest:1.5.0) with JetifyTransform
Transforming ui-test-manifest-1.5.0.aar (androidx.compose.ui:ui-test-manifest:1.5.0) with ExtractAarTransform
Transforming ui-test-manifest-1.5.0.aar (androidx.compose.ui:ui-test-manifest:1.5.0) with AarTransform
Transforming ui-tooling-release.aar (androidx.compose.ui:ui-tooling-android:1.5.0) with JetifyTransform
Transforming ui-tooling-release.aar (androidx.compose.ui:ui-tooling-android:1.5.0) with ExtractAarTransform
Transforming ui-tooling-release.aar (androidx.compose.ui:ui-tooling-android:1.5.0) with AarTransform
Transforming activity-1.8.0.aar (androidx.activity:activity:1.8.0) with JetifyTransform
Transforming activity-1.8.0.aar (androidx.activity:activity:1.8.0) with ExtractAarTransform
Transforming activity-1.8.0.aar (androidx.activity:activity:1.8.0) with AarTransform
Transforming activity-compose-1.8.0.aar (androidx.activity:activity-compose:1.8.0) with JetifyTransform
Transforming activity-compose-1.8.0.aar (androidx.activity:activity-compose:1.8.0) with ExtractAarTransform
Transforming activity-compose-1.8.0.aar (androidx.activity:activity-compose:1.8.0) with AarTransform
Transforming activity-ktx-1.8.0.aar (androidx.activity:activity-ktx:1.8.0) with JetifyTransform
Transforming activity-ktx-1.8.0.aar (androidx.activity:activity-ktx:1.8.0) with ExtractAarTransform
Transforming activity-ktx-1.8.0.aar (androidx.activity:activity-ktx:1.8.0) with AarTransform
Transforming emoji2-1.4.0.aar (androidx.emoji2:emoji2:1.4.0) with JetifyTransform
Transforming emoji2-1.4.0.aar (androidx.emoji2:emoji2:1.4.0) with ExtractAarTransform
Transforming emoji2-1.4.0.aar (androidx.emoji2:emoji2:1.4.0) with AarTransform
Transforming lifecycle-process-2.6.2.aar (androidx.lifecycle:lifecycle-process:2.6.2) with JetifyTransform
Transforming lifecycle-process-2.6.2.aar (androidx.lifecycle:lifecycle-process:2.6.2) with ExtractAarTransform
Transforming lifecycle-process-2.6.2.aar (androidx.lifecycle:lifecycle-process:2.6.2) with AarTransform
Transforming lifecycle-livedata-core-2.6.2.aar (androidx.lifecycle:lifecycle-livedata-core:2.6.2) with JetifyTransform
Transforming lifecycle-livedata-core-2.6.2.aar (androidx.lifecycle:lifecycle-livedata-core:2.6.2) with ExtractAarTransform
Transforming lifecycle-livedata-core-2.6.2.aar (androidx.lifecycle:lifecycle-livedata-core:2.6.2) with AarTransform
Transforming savedstate-ktx-1.2.1.aar (androidx.savedstate:savedstate-ktx:1.2.1) with JetifyTransform
Transforming savedstate-ktx-1.2.1.aar (androidx.savedstate:savedstate-ktx:1.2.1) with ExtractAarTransform
Transforming savedstate-ktx-1.2.1.aar (androidx.savedstate:savedstate-ktx:1.2.1) with AarTransform
Transforming savedstate-1.2.1.aar (androidx.savedstate:savedstate:1.2.1) with JetifyTransform
Transforming savedstate-1.2.1.aar (androidx.savedstate:savedstate:1.2.1) with ExtractAarTransform
Transforming savedstate-1.2.1.aar (androidx.savedstate:savedstate:1.2.1) with AarTransform
Transforming lifecycle-viewmodel-ktx-2.6.2.aar (androidx.lifecycle:lifecycle-viewmodel-ktx:2.6.2) with JetifyTransform
Transforming lifecycle-viewmodel-ktx-2.6.2.aar (androidx.lifecycle:lifecycle-viewmodel-ktx:2.6.2) with ExtractAarTransform
Transforming lifecycle-viewmodel-ktx-2.6.2.aar (androidx.lifecycle:lifecycle-viewmodel-ktx:2.6.2) with AarTransform
Transforming lifecycle-viewmodel-2.6.2.aar (androidx.lifecycle:lifecycle-viewmodel:2.6.2) with JetifyTransform
Transforming lifecycle-viewmodel-2.6.2.aar (androidx.lifecycle:lifecycle-viewmodel:2.6.2) with ExtractAarTransform
Transforming lifecycle-viewmodel-2.6.2.aar (androidx.lifecycle:lifecycle-viewmodel:2.6.2) with AarTransform
Transforming lifecycle-viewmodel-savedstate-2.6.2.aar (androidx.lifecycle:lifecycle-viewmodel-savedstate:2.6.2) with JetifyTransform
Transforming lifecycle-viewmodel-savedstate-2.6.2.aar (androidx.lifecycle:lifecycle-viewmodel-savedstate:2.6.2) with ExtractAarTransform
Transforming lifecycle-viewmodel-savedstate-2.6.2.aar (androidx.lifecycle:lifecycle-viewmodel-savedstate:2.6.2) with AarTransform
Transforming customview-poolingcontainer-1.0.0.aar (androidx.customview:customview-poolingcontainer:1.0.0) with JetifyTransform
Transforming customview-poolingcontainer-1.0.0.aar (androidx.customview:customview-poolingcontainer:1.0.0) with ExtractAarTransform
Transforming customview-poolingcontainer-1.0.0.aar (androidx.customview:customview-poolingcontainer:1.0.0) with AarTransform
Transforming core-ktx-1.12.0.aar (androidx.core:core-ktx:1.12.0) with JetifyTransform
Transforming core-ktx-1.12.0.aar (androidx.core:core-ktx:1.12.0) with ExtractAarTransform
Transforming core-ktx-1.12.0.aar (androidx.core:core-ktx:1.12.0) with AarTransform
Transforming webkit-1.11.0.aar (androidx.webkit:webkit:1.11.0) with JetifyTransform
Transforming webkit-1.11.0.aar (androidx.webkit:webkit:1.11.0) with ExtractAarTransform
Transforming webkit-1.11.0.aar (androidx.webkit:webkit:1.11.0) with AarTransform
Transforming autofill-1.0.0.aar (androidx.autofill:autofill:1.0.0) with JetifyTransform
Transforming autofill-1.0.0.aar (androidx.autofill:autofill:1.0.0) with ExtractAarTransform
Transforming autofill-1.0.0.aar (androidx.autofill:autofill:1.0.0) with AarTransform
Transforming core-1.12.0.aar (androidx.core:core:1.12.0) with JetifyTransform
Transforming core-1.12.0.aar (androidx.core:core:1.12.0) with ExtractAarTransform
Transforming core-1.12.0.aar (androidx.core:core:1.12.0) with AarTransform
Transforming core-1.12.0.aar (androidx.core:core:1.12.0) with JetifyTransform
Transforming core-1.12.0.aar (androidx.core:core:1.12.0) with ExtractAarTransform
Transforming core-1.12.0.aar (androidx.core:core:1.12.0) with AarTransform
Transforming lifecycle-runtime-2.6.2.aar (androidx.lifecycle:lifecycle-runtime:2.6.2) with JetifyTransform
Transforming lifecycle-runtime-2.6.2.aar (androidx.lifecycle:lifecycle-runtime:2.6.2) with ExtractAarTransform
Transforming lifecycle-runtime-2.6.2.aar (androidx.lifecycle:lifecycle-runtime:2.6.2) with AarTransform
Transforming lifecycle-viewmodel-compose-2.6.2.aar (androidx.lifecycle:lifecycle-viewmodel-compose:2.6.2) with JetifyTransform
Transforming lifecycle-viewmodel-compose-2.6.2.aar (androidx.lifecycle:lifecycle-viewmodel-compose:2.6.2) with ExtractAarTransform
Transforming lifecycle-viewmodel-compose-2.6.2.aar (androidx.lifecycle:lifecycle-viewmodel-compose:2.6.2) with AarTransform
Transforming lifecycle-runtime-ktx-2.6.2.aar (androidx.lifecycle:lifecycle-runtime-ktx:2.6.2) with JetifyTransform
Transforming lifecycle-runtime-ktx-2.6.2.aar (androidx.lifecycle:lifecycle-runtime-ktx:2.6.2) with ExtractAarTransform
Transforming lifecycle-runtime-ktx-2.6.2.aar (androidx.lifecycle:lifecycle-runtime-ktx:2.6.2) with AarTransform
Transforming runtime-saveable-release.aar (androidx.compose.runtime:runtime-saveable-android:1.5.0) with JetifyTransform
Transforming runtime-saveable-release.aar (androidx.compose.runtime:runtime-saveable-android:1.5.0) with ExtractAarTransform
Transforming runtime-saveable-release.aar (androidx.compose.runtime:runtime-saveable-android:1.5.0) with AarTransform
Transforming runtime-release.aar (androidx.compose.runtime:runtime-android:1.5.0) with JetifyTransform
Transforming runtime-release.aar (androidx.compose.runtime:runtime-android:1.5.0) with ExtractAarTransform
Transforming runtime-release.aar (androidx.compose.runtime:runtime-android:1.5.0) with AarTransform
Transforming security-crypto-1.1.0-alpha06.aar (androidx.security:security-crypto:1.1.0-alpha06) with JetifyTransform
Transforming security-crypto-1.1.0-alpha06.aar (androidx.security:security-crypto:1.1.0-alpha06) with ExtractAarTransform
Transforming security-crypto-1.1.0-alpha06.aar (androidx.security:security-crypto:1.1.0-alpha06) with AarTransform
Transforming annotation-experimental-1.3.0.aar (androidx.annotation:annotation-experimental:1.3.0) with JetifyTransform
Transforming annotation-experimental-1.3.0.aar (androidx.annotation:annotation-experimental:1.3.0) with ExtractAarTransform
Transforming annotation-experimental-1.3.0.aar (androidx.annotation:annotation-experimental:1.3.0) with AarTransform
Transforming versionedparcelable-1.1.1.aar (androidx.versionedparcelable:versionedparcelable:1.1.1) with JetifyTransform
Transforming versionedparcelable-1.1.1.aar (androidx.versionedparcelable:versionedparcelable:1.1.1) with ExtractAarTransform
Transforming versionedparcelable-1.1.1.aar (androidx.versionedparcelable:versionedparcelable:1.1.1) with AarTransform
Transforming interpolator-1.0.0.aar (androidx.interpolator:interpolator:1.0.0) with JetifyTransform
Transforming interpolator-1.0.0.aar (androidx.interpolator:interpolator:1.0.0) with ExtractAarTransform
Transforming interpolator-1.0.0.aar (androidx.interpolator:interpolator:1.0.0) with AarTransform
Transforming core-runtime-2.2.0.aar (androidx.arch.core:core-runtime:2.2.0) with JetifyTransform
Transforming core-runtime-2.2.0.aar (androidx.arch.core:core-runtime:2.2.0) with ExtractAarTransform
Transforming core-runtime-2.2.0.aar (androidx.arch.core:core-runtime:2.2.0) with AarTransform
Transforming profileinstaller-1.3.0.aar (androidx.profileinstaller:profileinstaller:1.3.0) with JetifyTransform
Transforming profileinstaller-1.3.0.aar (androidx.profileinstaller:profileinstaller:1.3.0) with ExtractAarTransform
Transforming profileinstaller-1.3.0.aar (androidx.profileinstaller:profileinstaller:1.3.0) with AarTransform
Transforming startup-runtime-1.1.1.aar (androidx.startup:startup-runtime:1.1.1) with JetifyTransform
Transforming startup-runtime-1.1.1.aar (androidx.startup:startup-runtime:1.1.1) with ExtractAarTransform
Transforming startup-runtime-1.1.1.aar (androidx.startup:startup-runtime:1.1.1) with AarTransform
Transforming tracing-1.0.0.aar (androidx.tracing:tracing:1.0.0) with JetifyTransform
Transforming tracing-1.0.0.aar (androidx.tracing:tracing:1.0.0) with ExtractAarTransform
Transforming tracing-1.0.0.aar (androidx.tracing:tracing:1.0.0) with AarTransform
Transforming material3-1.1.1.aar (androidx.compose.material3:material3:1.1.1) with JetifyTransform
Transforming material3-1.1.1.aar (androidx.compose.material3:material3:1.1.1) with ExtractAarTransform
Transforming material3-1.1.1.aar (androidx.compose.material3:material3:1.1.1) with AarTransform
Transforming material-ripple-release.aar (androidx.compose.material:material-ripple-android:1.5.0) with JetifyTransform
Transforming material-ripple-release.aar (androidx.compose.material:material-ripple-android:1.5.0) with ExtractAarTransform
Transforming material-ripple-release.aar (androidx.compose.material:material-ripple-android:1.5.0) with AarTransform
Transforming material-icons-core-release.aar (androidx.compose.material:material-icons-core-android:1.5.0) with JetifyTransform
Transforming material-icons-core-release.aar (androidx.compose.material:material-icons-core-android:1.5.0) with ExtractAarTransform
Transforming material-icons-core-release.aar (androidx.compose.material:material-icons-core-android:1.5.0) with AarTransform
Transforming material-icons-extended-release.aar (androidx.compose.material:material-icons-extended-android:1.5.0) with JetifyTransform
Transforming material-icons-extended-release.aar (androidx.compose.material:material-icons-extended-android:1.5.0) with ExtractAarTransform
Transforming material-icons-extended-release.aar (androidx.compose.material:material-icons-extended-android:1.5.0) with AarTransform
Transforming material-release.aar (androidx.compose.material:material-android:1.5.0) with JetifyTransform
Transforming material-release.aar (androidx.compose.material:material-android:1.5.0) with ExtractAarTransform
Transforming material-release.aar (androidx.compose.material:material-android:1.5.0) with AarTransform
Transforming animation-core-release.aar (androidx.compose.animation:animation-core-android:1.5.0) with JetifyTransform
Transforming animation-core-release.aar (androidx.compose.animation:animation-core-android:1.5.0) with ExtractAarTransform
Transforming animation-core-release.aar (androidx.compose.animation:animation-core-android:1.5.0) with AarTransform
Transforming animation-release.aar (androidx.compose.animation:animation-android:1.5.0) with JetifyTransform
Transforming animation-release.aar (androidx.compose.animation:animation-android:1.5.0) with ExtractAarTransform
Transforming animation-release.aar (androidx.compose.animation:animation-android:1.5.0) with AarTransform
Transforming foundation-layout-release.aar (androidx.compose.foundation:foundation-layout-android:1.5.0) with JetifyTransform
Transforming foundation-layout-release.aar (androidx.compose.foundation:foundation-layout-android:1.5.0) with ExtractAarTransform
Transforming foundation-layout-release.aar (androidx.compose.foundation:foundation-layout-android:1.5.0) with AarTransform
Transforming foundation-release.aar (androidx.compose.foundation:foundation-android:1.5.0) with JetifyTransform
Transforming foundation-release.aar (androidx.compose.foundation:foundation-android:1.5.0) with ExtractAarTransform
Transforming foundation-release.aar (androidx.compose.foundation:foundation-android:1.5.0) with AarTransform
Transforming ui-tooling-data-release.aar (androidx.compose.ui:ui-tooling-data-android:1.5.0) with JetifyTransform
Transforming ui-tooling-data-release.aar (androidx.compose.ui:ui-tooling-data-android:1.5.0) with ExtractAarTransform
Transforming ui-tooling-data-release.aar (androidx.compose.ui:ui-tooling-data-android:1.5.0) with AarTransform
Transforming ui-unit-release.aar (androidx.compose.ui:ui-unit-android:1.5.0) with JetifyTransform
Transforming ui-unit-release.aar (androidx.compose.ui:ui-unit-android:1.5.0) with ExtractAarTransform
Transforming ui-unit-release.aar (androidx.compose.ui:ui-unit-android:1.5.0) with AarTransform
Transforming ui-geometry-release.aar (androidx.compose.ui:ui-geometry-android:1.5.0) with JetifyTransform
Transforming ui-geometry-release.aar (androidx.compose.ui:ui-geometry-android:1.5.0) with ExtractAarTransform
Transforming ui-geometry-release.aar (androidx.compose.ui:ui-geometry-android:1.5.0) with AarTransform
Transforming ui-util-release.aar (androidx.compose.ui:ui-util-android:1.5.0) with JetifyTransform
Transforming ui-util-release.aar (androidx.compose.ui:ui-util-android:1.5.0) with ExtractAarTransform
Transforming ui-util-release.aar (androidx.compose.ui:ui-util-android:1.5.0) with AarTransform
Transforming ui-text-release.aar (androidx.compose.ui:ui-text-android:1.5.0) with JetifyTransform
Transforming ui-text-release.aar (androidx.compose.ui:ui-text-android:1.5.0) with ExtractAarTransform
Transforming ui-text-release.aar (androidx.compose.ui:ui-text-android:1.5.0) with AarTransform
Transforming ui-tooling-preview-release.aar (androidx.compose.ui:ui-tooling-preview-android:1.5.0) with JetifyTransform
Transforming ui-tooling-preview-release.aar (androidx.compose.ui:ui-tooling-preview-android:1.5.0) with ExtractAarTransform
Transforming ui-tooling-preview-release.aar (androidx.compose.ui:ui-tooling-preview-android:1.5.0) with AarTransform
Transforming ui-graphics-release.aar (androidx.compose.ui:ui-graphics-android:1.5.0) with JetifyTransform
Transforming ui-graphics-release.aar (androidx.compose.ui:ui-graphics-android:1.5.0) with ExtractAarTransform
Transforming ui-graphics-release.aar (androidx.compose.ui:ui-graphics-android:1.5.0) with AarTransform
Transforming ui-release.aar (androidx.compose.ui:ui-android:1.5.0) with JetifyTransform
Transforming ui-release.aar (androidx.compose.ui:ui-android:1.5.0) with ExtractAarTransform
Transforming ui-release.aar (androidx.compose.ui:ui-android:1.5.0) with AarTransform
Transforming ui-test-manifest-1.5.0.aar (androidx.compose.ui:ui-test-manifest:1.5.0) with JetifyTransform
Transforming ui-test-manifest-1.5.0.aar (androidx.compose.ui:ui-test-manifest:1.5.0) with ExtractAarTransform
Transforming ui-test-manifest-1.5.0.aar (androidx.compose.ui:ui-test-manifest:1.5.0) with AarTransform
Transforming ui-tooling-release.aar (androidx.compose.ui:ui-tooling-android:1.5.0) with JetifyTransform
Transforming ui-tooling-release.aar (androidx.compose.ui:ui-tooling-android:1.5.0) with ExtractAarTransform
Transforming ui-tooling-release.aar (androidx.compose.ui:ui-tooling-android:1.5.0) with AarTransform
Transforming activity-1.8.0.aar (androidx.activity:activity:1.8.0) with JetifyTransform
Transforming activity-1.8.0.aar (androidx.activity:activity:1.8.0) with ExtractAarTransform
Transforming activity-1.8.0.aar (androidx.activity:activity:1.8.0) with AarTransform
Transforming activity-compose-1.8.0.aar (androidx.activity:activity-compose:1.8.0) with JetifyTransform
Transforming activity-compose-1.8.0.aar (androidx.activity:activity-compose:1.8.0) with ExtractAarTransform
Transforming activity-compose-1.8.0.aar (androidx.activity:activity-compose:1.8.0) with AarTransform
Transforming activity-ktx-1.8.0.aar (androidx.activity:activity-ktx:1.8.0) with JetifyTransform
Transforming activity-ktx-1.8.0.aar (androidx.activity:activity-ktx:1.8.0) with ExtractAarTransform
Transforming activity-ktx-1.8.0.aar (androidx.activity:activity-ktx:1.8.0) with AarTransform
Transforming emoji2-1.4.0.aar (androidx.emoji2:emoji2:1.4.0) with JetifyTransform
Transforming emoji2-1.4.0.aar (androidx.emoji2:emoji2:1.4.0) with ExtractAarTransform
Transforming emoji2-1.4.0.aar (androidx.emoji2:emoji2:1.4.0) with AarTransform
Transforming lifecycle-process-2.6.2.aar (androidx.lifecycle:lifecycle-process:2.6.2) with JetifyTransform
Transforming lifecycle-process-2.6.2.aar (androidx.lifecycle:lifecycle-process:2.6.2) with ExtractAarTransform
Transforming lifecycle-process-2.6.2.aar (androidx.lifecycle:lifecycle-process:2.6.2) with AarTransform
Transforming lifecycle-livedata-core-2.6.2.aar (androidx.lifecycle:lifecycle-livedata-core:2.6.2) with JetifyTransform
Transforming lifecycle-livedata-core-2.6.2.aar (androidx.lifecycle:lifecycle-livedata-core:2.6.2) with ExtractAarTransform
Transforming lifecycle-livedata-core-2.6.2.aar (androidx.lifecycle:lifecycle-livedata-core:2.6.2) with AarTransform
Transforming savedstate-ktx-1.2.1.aar (androidx.savedstate:savedstate-ktx:1.2.1) with JetifyTransform
Transforming savedstate-ktx-1.2.1.aar (androidx.savedstate:savedstate-ktx:1.2.1) with ExtractAarTransform
Transforming savedstate-ktx-1.2.1.aar (androidx.savedstate:savedstate-ktx:1.2.1) with AarTransform
Transforming savedstate-1.2.1.aar (androidx.savedstate:savedstate:1.2.1) with JetifyTransform
Transforming savedstate-1.2.1.aar (androidx.savedstate:savedstate:1.2.1) with ExtractAarTransform
Transforming savedstate-1.2.1.aar (androidx.savedstate:savedstate:1.2.1) with AarTransform
Transforming lifecycle-viewmodel-ktx-2.6.2.aar (androidx.lifecycle:lifecycle-viewmodel-ktx:2.6.2) with JetifyTransform
Transforming lifecycle-viewmodel-ktx-2.6.2.aar (androidx.lifecycle:lifecycle-viewmodel-ktx:2.6.2) with ExtractAarTransform
Transforming lifecycle-viewmodel-ktx-2.6.2.aar (androidx.lifecycle:lifecycle-viewmodel-ktx:2.6.2) with AarTransform
Transforming lifecycle-viewmodel-2.6.2.aar (androidx.lifecycle:lifecycle-viewmodel:2.6.2) with JetifyTransform
Transforming lifecycle-viewmodel-2.6.2.aar (androidx.lifecycle:lifecycle-viewmodel:2.6.2) with ExtractAarTransform
Transforming lifecycle-viewmodel-2.6.2.aar (androidx.lifecycle:lifecycle-viewmodel:2.6.2) with AarTransform
Transforming lifecycle-viewmodel-savedstate-2.6.2.aar (androidx.lifecycle:lifecycle-viewmodel-savedstate:2.6.2) with JetifyTransform
Transforming lifecycle-viewmodel-savedstate-2.6.2.aar (androidx.lifecycle:lifecycle-viewmodel-savedstate:2.6.2) with ExtractAarTransform
Transforming lifecycle-viewmodel-savedstate-2.6.2.aar (androidx.lifecycle:lifecycle-viewmodel-savedstate:2.6.2) with AarTransform
Transforming customview-poolingcontainer-1.0.0.aar (androidx.customview:customview-poolingcontainer:1.0.0) with JetifyTransform
Transforming customview-poolingcontainer-1.0.0.aar (androidx.customview:customview-poolingcontainer:1.0.0) with ExtractAarTransform
Transforming customview-poolingcontainer-1.0.0.aar (androidx.customview:customview-poolingcontainer:1.0.0) with AarTransform
Transforming core-ktx-1.12.0.aar (androidx.core:core-ktx:1.12.0) with JetifyTransform
Transforming core-ktx-1.12.0.aar (androidx.core:core-ktx:1.12.0) with ExtractAarTransform
Transforming core-ktx-1.12.0.aar (androidx.core:core-ktx:1.12.0) with AarTransform
Transforming webkit-1.11.0.aar (androidx.webkit:webkit:1.11.0) with JetifyTransform
Transforming webkit-1.11.0.aar (androidx.webkit:webkit:1.11.0) with ExtractAarTransform
Transforming webkit-1.11.0.aar (androidx.webkit:webkit:1.11.0) with AarTransform
Transforming autofill-1.0.0.aar (androidx.autofill:autofill:1.0.0) with JetifyTransform
Transforming autofill-1.0.0.aar (androidx.autofill:autofill:1.0.0) with ExtractAarTransform
Transforming autofill-1.0.0.aar (androidx.autofill:autofill:1.0.0) with AarTransform
Transforming core-1.12.0.aar (androidx.core:core:1.12.0) with JetifyTransform
Transforming core-1.12.0.aar (androidx.core:core:1.12.0) with ExtractAarTransform
Transforming core-1.12.0.aar (androidx.core:core:1.12.0) with AarTransform
Transforming core-1.12.0.aar (androidx.core:core:1.12.0) with JetifyTransform
Transforming core-1.12.0.aar (androidx.core:core:1.12.0) with ExtractAarTransform
Transforming core-1.12.0.aar (androidx.core:core:1.12.0) with AarTransform
Transforming lifecycle-runtime-2.6.2.aar (androidx.lifecycle:lifecycle-runtime:2.6.2) with JetifyTransform
Transforming lifecycle-runtime-2.6.2.aar (androidx.lifecycle:lifecycle-runtime:2.6.2) with ExtractAarTransform
Transforming lifecycle-runtime-2.6.2.aar (androidx.lifecycle:lifecycle-runtime:2.6.2) with AarTransform
Transforming lifecycle-viewmodel-compose-2.6.2.aar (androidx.lifecycle:lifecycle-viewmodel-compose:2.6.2) with JetifyTransform
Transforming lifecycle-viewmodel-compose-2.6.2.aar (androidx.lifecycle:lifecycle-viewmodel-compose:2.6.2) with ExtractAarTransform
Transforming lifecycle-viewmodel-compose-2.6.2.aar (androidx.lifecycle:lifecycle-viewmodel-compose:2.6.2) with AarTransform
Transforming lifecycle-runtime-ktx-2.6.2.aar (androidx.lifecycle:lifecycle-runtime-ktx:2.6.2) with JetifyTransform
Transforming lifecycle-runtime-ktx-2.6.2.aar (androidx.lifecycle:lifecycle-runtime-ktx:2.6.2) with ExtractAarTransform
Transforming lifecycle-runtime-ktx-2.6.2.aar (androidx.lifecycle:lifecycle-runtime-ktx:2.6.2) with AarTransform
Transforming runtime-saveable-release.aar (androidx.compose.runtime:runtime-saveable-android:1.5.0) with JetifyTransform
Transforming runtime-saveable-release.aar (androidx.compose.runtime:runtime-saveable-android:1.5.0) with ExtractAarTransform
Transforming runtime-saveable-release.aar (androidx.compose.runtime:runtime-saveable-android:1.5.0) with AarTransform
Transforming runtime-release.aar (androidx.compose.runtime:runtime-android:1.5.0) with JetifyTransform
Transforming runtime-release.aar (androidx.compose.runtime:runtime-android:1.5.0) with ExtractAarTransform
Transforming runtime-release.aar (androidx.compose.runtime:runtime-android:1.5.0) with AarTransform
Transforming security-crypto-1.1.0-alpha06.aar (androidx.security:security-crypto:1.1.0-alpha06) with JetifyTransform
Transforming security-crypto-1.1.0-alpha06.aar (androidx.security:security-crypto:1.1.0-alpha06) with ExtractAarTransform
Transforming security-crypto-1.1.0-alpha06.aar (androidx.security:security-crypto:1.1.0-alpha06) with AarTransform
Transforming annotation-experimental-1.3.0.aar (androidx.annotation:annotation-experimental:1.3.0) with JetifyTransform
Transforming annotation-experimental-1.3.0.aar (androidx.annotation:annotation-experimental:1.3.0) with ExtractAarTransform
Transforming annotation-experimental-1.3.0.aar (androidx.annotation:annotation-experimental:1.3.0) with AarTransform
Transforming versionedparcelable-1.1.1.aar (androidx.versionedparcelable:versionedparcelable:1.1.1) with JetifyTransform
Transforming versionedparcelable-1.1.1.aar (androidx.versionedparcelable:versionedparcelable:1.1.1) with ExtractAarTransform
Transforming versionedparcelable-1.1.1.aar (androidx.versionedparcelable:versionedparcelable:1.1.1) with AarTransform
Transforming interpolator-1.0.0.aar (androidx.interpolator:interpolator:1.0.0) with JetifyTransform
Transforming interpolator-1.0.0.aar (androidx.interpolator:interpolator:1.0.0) with ExtractAarTransform
Transforming interpolator-1.0.0.aar (androidx.interpolator:interpolator:1.0.0) with AarTransform
Transforming core-runtime-2.2.0.aar (androidx.arch.core:core-runtime:2.2.0) with JetifyTransform
Transforming core-runtime-2.2.0.aar (androidx.arch.core:core-runtime:2.2.0) with ExtractAarTransform
Transforming core-runtime-2.2.0.aar (androidx.arch.core:core-runtime:2.2.0) with AarTransform
Transforming profileinstaller-1.3.0.aar (androidx.profileinstaller:profileinstaller:1.3.0) with JetifyTransform
Transforming profileinstaller-1.3.0.aar (androidx.profileinstaller:profileinstaller:1.3.0) with ExtractAarTransform
Transforming profileinstaller-1.3.0.aar (androidx.profileinstaller:profileinstaller:1.3.0) with AarTransform
Transforming startup-runtime-1.1.1.aar (androidx.startup:startup-runtime:1.1.1) with JetifyTransform
Transforming startup-runtime-1.1.1.aar (androidx.startup:startup-runtime:1.1.1) with ExtractAarTransform
Transforming startup-runtime-1.1.1.aar (androidx.startup:startup-runtime:1.1.1) with AarTransform
Transforming tracing-1.0.0.aar (androidx.tracing:tracing:1.0.0) with JetifyTransform
Transforming tracing-1.0.0.aar (androidx.tracing:tracing:1.0.0) with ExtractAarTransform
Transforming tracing-1.0.0.aar (androidx.tracing:tracing:1.0.0) with AarTransform
Caching disabled for task ':app:processDebugMainManifest' because:
  Build cache is disabled
Skipping task ':app:processDebugMainManifest' as it is up-to-date.
Resolve mutations for :app:processDebugManifest (Thread[Execution worker Thread 13,5,main]) started.
:app:processDebugManifest (Thread[Execution worker Thread 3,5,main]) started.

> Task :app:processDebugManifest UP-TO-DATE
Caching disabled for task ':app:processDebugManifest' because:
  Build cache is disabled
Skipping task ':app:processDebugManifest' as it is up-to-date.
Resolve mutations for :app:processDebugManifestForPackage (Thread[Execution worker Thread 3,5,main]) started.
:app:processDebugManifestForPackage (Thread[Execution worker Thread 3,5,main]) started.

> Task :app:processDebugManifestForPackage UP-TO-DATE
Caching disabled for task ':app:processDebugManifestForPackage' because:
  Build cache is disabled
Skipping task ':app:processDebugManifestForPackage' as it is up-to-date.
Resolve mutations for :app:processDebugResources (Thread[Execution worker Thread 3,5,main]) started.
:app:processDebugResources (Thread[Execution worker Thread 3,5,main]) started.

> Task :app:processDebugResources UP-TO-DATE
Transforming aapt2-8.1.1-10154469-windows.jar (com.android.tools.build:aapt2:8.1.1-10154469) with Aapt2Extractor
Transforming material3-1.1.1.aar (androidx.compose.material3:material3:1.1.1) with JetifyTransform
Transforming material3-1.1.1.aar (androidx.compose.material3:material3:1.1.1) with ExtractAarTransform
Transforming material3-1.1.1.aar (androidx.compose.material3:material3:1.1.1) with AarResourcesCompilerTransform
Transforming material-ripple-release.aar (androidx.compose.material:material-ripple-android:1.5.0) with JetifyTransform
Transforming material-ripple-release.aar (androidx.compose.material:material-ripple-android:1.5.0) with ExtractAarTransform
Transforming material-ripple-release.aar (androidx.compose.material:material-ripple-android:1.5.0) with AarResourcesCompilerTransform
Transforming material-icons-core-release.aar (androidx.compose.material:material-icons-core-android:1.5.0) with JetifyTransform
Transforming material-icons-core-release.aar (androidx.compose.material:material-icons-core-android:1.5.0) with ExtractAarTransform
Transforming material-icons-core-release.aar (androidx.compose.material:material-icons-core-android:1.5.0) with AarResourcesCompilerTransform
Transforming material-icons-extended-release.aar (androidx.compose.material:material-icons-extended-android:1.5.0) with JetifyTransform
Transforming material-icons-extended-release.aar (androidx.compose.material:material-icons-extended-android:1.5.0) with ExtractAarTransform
Transforming material-icons-extended-release.aar (androidx.compose.material:material-icons-extended-android:1.5.0) with AarResourcesCompilerTransform
Transforming material-release.aar (androidx.compose.material:material-android:1.5.0) with JetifyTransform
Transforming material-release.aar (androidx.compose.material:material-android:1.5.0) with ExtractAarTransform
Transforming material-release.aar (androidx.compose.material:material-android:1.5.0) with AarResourcesCompilerTransform
Transforming animation-core-release.aar (androidx.compose.animation:animation-core-android:1.5.0) with JetifyTransform
Transforming animation-core-release.aar (androidx.compose.animation:animation-core-android:1.5.0) with ExtractAarTransform
Transforming animation-core-release.aar (androidx.compose.animation:animation-core-android:1.5.0) with AarResourcesCompilerTransform
Transforming animation-release.aar (androidx.compose.animation:animation-android:1.5.0) with JetifyTransform
Transforming animation-release.aar (androidx.compose.animation:animation-android:1.5.0) with ExtractAarTransform
Transforming animation-release.aar (androidx.compose.animation:animation-android:1.5.0) with AarResourcesCompilerTransform
Transforming foundation-layout-release.aar (androidx.compose.foundation:foundation-layout-android:1.5.0) with JetifyTransform
Transforming foundation-layout-release.aar (androidx.compose.foundation:foundation-layout-android:1.5.0) with ExtractAarTransform
Transforming foundation-layout-release.aar (androidx.compose.foundation:foundation-layout-android:1.5.0) with AarResourcesCompilerTransform
Transforming foundation-release.aar (androidx.compose.foundation:foundation-android:1.5.0) with JetifyTransform
Transforming foundation-release.aar (androidx.compose.foundation:foundation-android:1.5.0) with ExtractAarTransform
Transforming foundation-release.aar (androidx.compose.foundation:foundation-android:1.5.0) with AarResourcesCompilerTransform
Transforming ui-tooling-data-release.aar (androidx.compose.ui:ui-tooling-data-android:1.5.0) with JetifyTransform
Transforming ui-tooling-data-release.aar (androidx.compose.ui:ui-tooling-data-android:1.5.0) with ExtractAarTransform
Transforming ui-tooling-data-release.aar (androidx.compose.ui:ui-tooling-data-android:1.5.0) with AarResourcesCompilerTransform
Transforming ui-unit-release.aar (androidx.compose.ui:ui-unit-android:1.5.0) with JetifyTransform
Transforming ui-unit-release.aar (androidx.compose.ui:ui-unit-android:1.5.0) with ExtractAarTransform
Transforming ui-unit-release.aar (androidx.compose.ui:ui-unit-android:1.5.0) with AarResourcesCompilerTransform
Transforming ui-geometry-release.aar (androidx.compose.ui:ui-geometry-android:1.5.0) with JetifyTransform
Transforming ui-geometry-release.aar (androidx.compose.ui:ui-geometry-android:1.5.0) with ExtractAarTransform
Transforming ui-geometry-release.aar (androidx.compose.ui:ui-geometry-android:1.5.0) with AarResourcesCompilerTransform
Transforming ui-util-release.aar (androidx.compose.ui:ui-util-android:1.5.0) with JetifyTransform
Transforming ui-util-release.aar (androidx.compose.ui:ui-util-android:1.5.0) with ExtractAarTransform
Transforming ui-util-release.aar (androidx.compose.ui:ui-util-android:1.5.0) with AarResourcesCompilerTransform
Transforming ui-text-release.aar (androidx.compose.ui:ui-text-android:1.5.0) with JetifyTransform
Transforming ui-text-release.aar (androidx.compose.ui:ui-text-android:1.5.0) with ExtractAarTransform
Transforming ui-text-release.aar (androidx.compose.ui:ui-text-android:1.5.0) with AarResourcesCompilerTransform
Transforming ui-tooling-preview-release.aar (androidx.compose.ui:ui-tooling-preview-android:1.5.0) with JetifyTransform
Transforming ui-tooling-preview-release.aar (androidx.compose.ui:ui-tooling-preview-android:1.5.0) with ExtractAarTransform
Transforming ui-tooling-preview-release.aar (androidx.compose.ui:ui-tooling-preview-android:1.5.0) with AarResourcesCompilerTransform
Transforming ui-graphics-release.aar (androidx.compose.ui:ui-graphics-android:1.5.0) with JetifyTransform
Transforming ui-graphics-release.aar (androidx.compose.ui:ui-graphics-android:1.5.0) with ExtractAarTransform
Transforming ui-graphics-release.aar (androidx.compose.ui:ui-graphics-android:1.5.0) with AarResourcesCompilerTransform
Transforming ui-release.aar (androidx.compose.ui:ui-android:1.5.0) with JetifyTransform
Transforming ui-release.aar (androidx.compose.ui:ui-android:1.5.0) with ExtractAarTransform
Transforming ui-release.aar (androidx.compose.ui:ui-android:1.5.0) with AarResourcesCompilerTransform
Transforming ui-test-manifest-1.5.0.aar (androidx.compose.ui:ui-test-manifest:1.5.0) with JetifyTransform
Transforming ui-test-manifest-1.5.0.aar (androidx.compose.ui:ui-test-manifest:1.5.0) with ExtractAarTransform
Transforming ui-test-manifest-1.5.0.aar (androidx.compose.ui:ui-test-manifest:1.5.0) with AarResourcesCompilerTransform
Transforming ui-tooling-release.aar (androidx.compose.ui:ui-tooling-android:1.5.0) with JetifyTransform
Transforming ui-tooling-release.aar (androidx.compose.ui:ui-tooling-android:1.5.0) with ExtractAarTransform
Transforming ui-tooling-release.aar (androidx.compose.ui:ui-tooling-android:1.5.0) with AarResourcesCompilerTransform
Transforming activity-1.8.0.aar (androidx.activity:activity:1.8.0) with JetifyTransform
Transforming activity-1.8.0.aar (androidx.activity:activity:1.8.0) with ExtractAarTransform
Transforming activity-1.8.0.aar (androidx.activity:activity:1.8.0) with AarResourcesCompilerTransform
Transforming activity-compose-1.8.0.aar (androidx.activity:activity-compose:1.8.0) with JetifyTransform
Transforming activity-compose-1.8.0.aar (androidx.activity:activity-compose:1.8.0) with ExtractAarTransform
Transforming activity-compose-1.8.0.aar (androidx.activity:activity-compose:1.8.0) with AarResourcesCompilerTransform
Transforming activity-ktx-1.8.0.aar (androidx.activity:activity-ktx:1.8.0) with JetifyTransform
Transforming activity-ktx-1.8.0.aar (androidx.activity:activity-ktx:1.8.0) with ExtractAarTransform
Transforming activity-ktx-1.8.0.aar (androidx.activity:activity-ktx:1.8.0) with AarResourcesCompilerTransform
Transforming emoji2-1.4.0.aar (androidx.emoji2:emoji2:1.4.0) with JetifyTransform
Transforming emoji2-1.4.0.aar (androidx.emoji2:emoji2:1.4.0) with ExtractAarTransform
Transforming emoji2-1.4.0.aar (androidx.emoji2:emoji2:1.4.0) with AarResourcesCompilerTransform
Transforming lifecycle-process-2.6.2.aar (androidx.lifecycle:lifecycle-process:2.6.2) with JetifyTransform
Transforming lifecycle-process-2.6.2.aar (androidx.lifecycle:lifecycle-process:2.6.2) with ExtractAarTransform
Transforming lifecycle-process-2.6.2.aar (androidx.lifecycle:lifecycle-process:2.6.2) with AarResourcesCompilerTransform
Transforming lifecycle-livedata-core-2.6.2.aar (androidx.lifecycle:lifecycle-livedata-core:2.6.2) with JetifyTransform
Transforming lifecycle-livedata-core-2.6.2.aar (androidx.lifecycle:lifecycle-livedata-core:2.6.2) with ExtractAarTransform
Transforming lifecycle-livedata-core-2.6.2.aar (androidx.lifecycle:lifecycle-livedata-core:2.6.2) with AarResourcesCompilerTransform
Transforming savedstate-ktx-1.2.1.aar (androidx.savedstate:savedstate-ktx:1.2.1) with JetifyTransform
Transforming savedstate-ktx-1.2.1.aar (androidx.savedstate:savedstate-ktx:1.2.1) with ExtractAarTransform
Transforming savedstate-ktx-1.2.1.aar (androidx.savedstate:savedstate-ktx:1.2.1) with AarResourcesCompilerTransform
Transforming savedstate-1.2.1.aar (androidx.savedstate:savedstate:1.2.1) with JetifyTransform
Transforming savedstate-1.2.1.aar (androidx.savedstate:savedstate:1.2.1) with ExtractAarTransform
Transforming savedstate-1.2.1.aar (androidx.savedstate:savedstate:1.2.1) with AarResourcesCompilerTransform
Transforming lifecycle-viewmodel-ktx-2.6.2.aar (androidx.lifecycle:lifecycle-viewmodel-ktx:2.6.2) with JetifyTransform
Transforming lifecycle-viewmodel-ktx-2.6.2.aar (androidx.lifecycle:lifecycle-viewmodel-ktx:2.6.2) with ExtractAarTransform
Transforming lifecycle-viewmodel-ktx-2.6.2.aar (androidx.lifecycle:lifecycle-viewmodel-ktx:2.6.2) with AarResourcesCompilerTransform
Transforming lifecycle-viewmodel-2.6.2.aar (androidx.lifecycle:lifecycle-viewmodel:2.6.2) with JetifyTransform
Transforming lifecycle-viewmodel-2.6.2.aar (androidx.lifecycle:lifecycle-viewmodel:2.6.2) with ExtractAarTransform
Transforming lifecycle-viewmodel-2.6.2.aar (androidx.lifecycle:lifecycle-viewmodel:2.6.2) with AarResourcesCompilerTransform
Transforming lifecycle-viewmodel-savedstate-2.6.2.aar (androidx.lifecycle:lifecycle-viewmodel-savedstate:2.6.2) with JetifyTransform
Transforming lifecycle-viewmodel-savedstate-2.6.2.aar (androidx.lifecycle:lifecycle-viewmodel-savedstate:2.6.2) with ExtractAarTransform
Transforming lifecycle-viewmodel-savedstate-2.6.2.aar (androidx.lifecycle:lifecycle-viewmodel-savedstate:2.6.2) with AarResourcesCompilerTransform
Transforming customview-poolingcontainer-1.0.0.aar (androidx.customview:customview-poolingcontainer:1.0.0) with JetifyTransform
Transforming customview-poolingcontainer-1.0.0.aar (androidx.customview:customview-poolingcontainer:1.0.0) with ExtractAarTransform
Transforming customview-poolingcontainer-1.0.0.aar (androidx.customview:customview-poolingcontainer:1.0.0) with AarResourcesCompilerTransform
Transforming core-ktx-1.12.0.aar (androidx.core:core-ktx:1.12.0) with JetifyTransform
Transforming core-ktx-1.12.0.aar (androidx.core:core-ktx:1.12.0) with ExtractAarTransform
Transforming core-ktx-1.12.0.aar (androidx.core:core-ktx:1.12.0) with AarResourcesCompilerTransform
Transforming webkit-1.11.0.aar (androidx.webkit:webkit:1.11.0) with JetifyTransform
Transforming webkit-1.11.0.aar (androidx.webkit:webkit:1.11.0) with ExtractAarTransform
Transforming webkit-1.11.0.aar (androidx.webkit:webkit:1.11.0) with AarResourcesCompilerTransform
Transforming autofill-1.0.0.aar (androidx.autofill:autofill:1.0.0) with JetifyTransform
Transforming autofill-1.0.0.aar (androidx.autofill:autofill:1.0.0) with ExtractAarTransform
Transforming autofill-1.0.0.aar (androidx.autofill:autofill:1.0.0) with AarResourcesCompilerTransform
Transforming core-1.12.0.aar (androidx.core:core:1.12.0) with JetifyTransform
Transforming core-1.12.0.aar (androidx.core:core:1.12.0) with ExtractAarTransform
Transforming core-1.12.0.aar (androidx.core:core:1.12.0) with AarResourcesCompilerTransform
Transforming core-1.12.0.aar (androidx.core:core:1.12.0) with JetifyTransform
Transforming core-1.12.0.aar (androidx.core:core:1.12.0) with ExtractAarTransform
Transforming core-1.12.0.aar (androidx.core:core:1.12.0) with AarResourcesCompilerTransform
Transforming lifecycle-runtime-2.6.2.aar (androidx.lifecycle:lifecycle-runtime:2.6.2) with JetifyTransform
Transforming lifecycle-runtime-2.6.2.aar (androidx.lifecycle:lifecycle-runtime:2.6.2) with ExtractAarTransform
Transforming lifecycle-runtime-2.6.2.aar (androidx.lifecycle:lifecycle-runtime:2.6.2) with AarResourcesCompilerTransform
Transforming lifecycle-viewmodel-compose-2.6.2.aar (androidx.lifecycle:lifecycle-viewmodel-compose:2.6.2) with JetifyTransform
Transforming lifecycle-viewmodel-compose-2.6.2.aar (androidx.lifecycle:lifecycle-viewmodel-compose:2.6.2) with ExtractAarTransform
Transforming lifecycle-viewmodel-compose-2.6.2.aar (androidx.lifecycle:lifecycle-viewmodel-compose:2.6.2) with AarResourcesCompilerTransform
Transforming lifecycle-runtime-ktx-2.6.2.aar (androidx.lifecycle:lifecycle-runtime-ktx:2.6.2) with JetifyTransform
Transforming lifecycle-runtime-ktx-2.6.2.aar (androidx.lifecycle:lifecycle-runtime-ktx:2.6.2) with ExtractAarTransform
Transforming lifecycle-runtime-ktx-2.6.2.aar (androidx.lifecycle:lifecycle-runtime-ktx:2.6.2) with AarResourcesCompilerTransform
Transforming runtime-saveable-release.aar (androidx.compose.runtime:runtime-saveable-android:1.5.0) with JetifyTransform
Transforming runtime-saveable-release.aar (androidx.compose.runtime:runtime-saveable-android:1.5.0) with ExtractAarTransform
Transforming runtime-saveable-release.aar (androidx.compose.runtime:runtime-saveable-android:1.5.0) with AarResourcesCompilerTransform
Transforming runtime-release.aar (androidx.compose.runtime:runtime-android:1.5.0) with JetifyTransform
Transforming runtime-release.aar (androidx.compose.runtime:runtime-android:1.5.0) with ExtractAarTransform
Transforming runtime-release.aar (androidx.compose.runtime:runtime-android:1.5.0) with AarResourcesCompilerTransform
Transforming security-crypto-1.1.0-alpha06.aar (androidx.security:security-crypto:1.1.0-alpha06) with JetifyTransform
Transforming security-crypto-1.1.0-alpha06.aar (androidx.security:security-crypto:1.1.0-alpha06) with ExtractAarTransform
Transforming security-crypto-1.1.0-alpha06.aar (androidx.security:security-crypto:1.1.0-alpha06) with AarResourcesCompilerTransform
Transforming annotation-experimental-1.3.0.aar (androidx.annotation:annotation-experimental:1.3.0) with JetifyTransform
Transforming annotation-experimental-1.3.0.aar (androidx.annotation:annotation-experimental:1.3.0) with ExtractAarTransform
Transforming annotation-experimental-1.3.0.aar (androidx.annotation:annotation-experimental:1.3.0) with AarResourcesCompilerTransform
Transforming versionedparcelable-1.1.1.aar (androidx.versionedparcelable:versionedparcelable:1.1.1) with JetifyTransform
Transforming versionedparcelable-1.1.1.aar (androidx.versionedparcelable:versionedparcelable:1.1.1) with ExtractAarTransform
Transforming versionedparcelable-1.1.1.aar (androidx.versionedparcelable:versionedparcelable:1.1.1) with AarResourcesCompilerTransform
Transforming interpolator-1.0.0.aar (androidx.interpolator:interpolator:1.0.0) with JetifyTransform
Transforming interpolator-1.0.0.aar (androidx.interpolator:interpolator:1.0.0) with ExtractAarTransform
Transforming interpolator-1.0.0.aar (androidx.interpolator:interpolator:1.0.0) with AarResourcesCompilerTransform
Transforming core-runtime-2.2.0.aar (androidx.arch.core:core-runtime:2.2.0) with JetifyTransform
Transforming core-runtime-2.2.0.aar (androidx.arch.core:core-runtime:2.2.0) with ExtractAarTransform
Transforming core-runtime-2.2.0.aar (androidx.arch.core:core-runtime:2.2.0) with AarResourcesCompilerTransform
Transforming profileinstaller-1.3.0.aar (androidx.profileinstaller:profileinstaller:1.3.0) with JetifyTransform
Transforming profileinstaller-1.3.0.aar (androidx.profileinstaller:profileinstaller:1.3.0) with ExtractAarTransform
Transforming profileinstaller-1.3.0.aar (androidx.profileinstaller:profileinstaller:1.3.0) with AarResourcesCompilerTransform
Transforming startup-runtime-1.1.1.aar (androidx.startup:startup-runtime:1.1.1) with JetifyTransform
Transforming startup-runtime-1.1.1.aar (androidx.startup:startup-runtime:1.1.1) with ExtractAarTransform
Transforming startup-runtime-1.1.1.aar (androidx.startup:startup-runtime:1.1.1) with AarResourcesCompilerTransform
Transforming tracing-1.0.0.aar (androidx.tracing:tracing:1.0.0) with JetifyTransform
Transforming tracing-1.0.0.aar (androidx.tracing:tracing:1.0.0) with ExtractAarTransform
Transforming tracing-1.0.0.aar (androidx.tracing:tracing:1.0.0) with AarResourcesCompilerTransform
Transforming material3-1.1.1.aar (androidx.compose.material3:material3:1.1.1) with JetifyTransform
Transforming material3-1.1.1.aar (androidx.compose.material3:material3:1.1.1) with ExtractAarTransform
Transforming material3-1.1.1.aar (androidx.compose.material3:material3:1.1.1) with LibrarySymbolTableTransform
Transforming material-ripple-release.aar (androidx.compose.material:material-ripple-android:1.5.0) with JetifyTransform
Transforming material-ripple-release.aar (androidx.compose.material:material-ripple-android:1.5.0) with ExtractAarTransform
Transforming material-ripple-release.aar (androidx.compose.material:material-ripple-android:1.5.0) with LibrarySymbolTableTransform
Transforming material-icons-core-release.aar (androidx.compose.material:material-icons-core-android:1.5.0) with JetifyTransform
Transforming material-icons-core-release.aar (androidx.compose.material:material-icons-core-android:1.5.0) with ExtractAarTransform
Transforming material-icons-core-release.aar (androidx.compose.material:material-icons-core-android:1.5.0) with LibrarySymbolTableTransform
Transforming material-icons-extended-release.aar (androidx.compose.material:material-icons-extended-android:1.5.0) with JetifyTransform
Transforming material-icons-extended-release.aar (androidx.compose.material:material-icons-extended-android:1.5.0) with ExtractAarTransform
Transforming material-icons-extended-release.aar (androidx.compose.material:material-icons-extended-android:1.5.0) with LibrarySymbolTableTransform
Transforming material-release.aar (androidx.compose.material:material-android:1.5.0) with JetifyTransform
Transforming material-release.aar (androidx.compose.material:material-android:1.5.0) with ExtractAarTransform
Transforming material-release.aar (androidx.compose.material:material-android:1.5.0) with LibrarySymbolTableTransform
Transforming animation-core-release.aar (androidx.compose.animation:animation-core-android:1.5.0) with JetifyTransform
Transforming animation-core-release.aar (androidx.compose.animation:animation-core-android:1.5.0) with ExtractAarTransform
Transforming animation-core-release.aar (androidx.compose.animation:animation-core-android:1.5.0) with LibrarySymbolTableTransform
Transforming animation-release.aar (androidx.compose.animation:animation-android:1.5.0) with JetifyTransform
Transforming animation-release.aar (androidx.compose.animation:animation-android:1.5.0) with ExtractAarTransform
Transforming animation-release.aar (androidx.compose.animation:animation-android:1.5.0) with LibrarySymbolTableTransform
Transforming foundation-layout-release.aar (androidx.compose.foundation:foundation-layout-android:1.5.0) with JetifyTransform
Transforming foundation-layout-release.aar (androidx.compose.foundation:foundation-layout-android:1.5.0) with ExtractAarTransform
Transforming foundation-layout-release.aar (androidx.compose.foundation:foundation-layout-android:1.5.0) with LibrarySymbolTableTransform
Transforming foundation-release.aar (androidx.compose.foundation:foundation-android:1.5.0) with JetifyTransform
Transforming foundation-release.aar (androidx.compose.foundation:foundation-android:1.5.0) with ExtractAarTransform
Transforming foundation-release.aar (androidx.compose.foundation:foundation-android:1.5.0) with LibrarySymbolTableTransform
Transforming ui-tooling-data-release.aar (androidx.compose.ui:ui-tooling-data-android:1.5.0) with JetifyTransform
Transforming ui-tooling-data-release.aar (androidx.compose.ui:ui-tooling-data-android:1.5.0) with ExtractAarTransform
Transforming ui-tooling-data-release.aar (androidx.compose.ui:ui-tooling-data-android:1.5.0) with LibrarySymbolTableTransform
Transforming ui-unit-release.aar (androidx.compose.ui:ui-unit-android:1.5.0) with JetifyTransform
Transforming ui-unit-release.aar (androidx.compose.ui:ui-unit-android:1.5.0) with ExtractAarTransform
Transforming ui-unit-release.aar (androidx.compose.ui:ui-unit-android:1.5.0) with LibrarySymbolTableTransform
Transforming ui-geometry-release.aar (androidx.compose.ui:ui-geometry-android:1.5.0) with JetifyTransform
Transforming ui-geometry-release.aar (androidx.compose.ui:ui-geometry-android:1.5.0) with ExtractAarTransform
Transforming ui-geometry-release.aar (androidx.compose.ui:ui-geometry-android:1.5.0) with LibrarySymbolTableTransform
Transforming ui-util-release.aar (androidx.compose.ui:ui-util-android:1.5.0) with JetifyTransform
Transforming ui-util-release.aar (androidx.compose.ui:ui-util-android:1.5.0) with ExtractAarTransform
Transforming ui-util-release.aar (androidx.compose.ui:ui-util-android:1.5.0) with LibrarySymbolTableTransform
Transforming ui-text-release.aar (androidx.compose.ui:ui-text-android:1.5.0) with JetifyTransform
Transforming ui-text-release.aar (androidx.compose.ui:ui-text-android:1.5.0) with ExtractAarTransform
Transforming ui-text-release.aar (androidx.compose.ui:ui-text-android:1.5.0) with LibrarySymbolTableTransform
Transforming ui-tooling-preview-release.aar (androidx.compose.ui:ui-tooling-preview-android:1.5.0) with JetifyTransform
Transforming ui-tooling-preview-release.aar (androidx.compose.ui:ui-tooling-preview-android:1.5.0) with ExtractAarTransform
Transforming ui-tooling-preview-release.aar (androidx.compose.ui:ui-tooling-preview-android:1.5.0) with LibrarySymbolTableTransform
Transforming ui-graphics-release.aar (androidx.compose.ui:ui-graphics-android:1.5.0) with JetifyTransform
Transforming ui-graphics-release.aar (androidx.compose.ui:ui-graphics-android:1.5.0) with ExtractAarTransform
Transforming ui-graphics-release.aar (androidx.compose.ui:ui-graphics-android:1.5.0) with LibrarySymbolTableTransform
Transforming ui-release.aar (androidx.compose.ui:ui-android:1.5.0) with JetifyTransform
Transforming ui-release.aar (androidx.compose.ui:ui-android:1.5.0) with ExtractAarTransform
Transforming ui-release.aar (androidx.compose.ui:ui-android:1.5.0) with LibrarySymbolTableTransform
Transforming ui-test-manifest-1.5.0.aar (androidx.compose.ui:ui-test-manifest:1.5.0) with JetifyTransform
Transforming ui-test-manifest-1.5.0.aar (androidx.compose.ui:ui-test-manifest:1.5.0) with ExtractAarTransform
Transforming ui-test-manifest-1.5.0.aar (androidx.compose.ui:ui-test-manifest:1.5.0) with LibrarySymbolTableTransform
Transforming ui-tooling-release.aar (androidx.compose.ui:ui-tooling-android:1.5.0) with JetifyTransform
Transforming ui-tooling-release.aar (androidx.compose.ui:ui-tooling-android:1.5.0) with ExtractAarTransform
Transforming ui-tooling-release.aar (androidx.compose.ui:ui-tooling-android:1.5.0) with LibrarySymbolTableTransform
Transforming activity-1.8.0.aar (androidx.activity:activity:1.8.0) with JetifyTransform
Transforming activity-1.8.0.aar (androidx.activity:activity:1.8.0) with ExtractAarTransform
Transforming activity-1.8.0.aar (androidx.activity:activity:1.8.0) with LibrarySymbolTableTransform
Transforming activity-compose-1.8.0.aar (androidx.activity:activity-compose:1.8.0) with JetifyTransform
Transforming activity-compose-1.8.0.aar (androidx.activity:activity-compose:1.8.0) with ExtractAarTransform
Transforming activity-compose-1.8.0.aar (androidx.activity:activity-compose:1.8.0) with LibrarySymbolTableTransform
Transforming activity-ktx-1.8.0.aar (androidx.activity:activity-ktx:1.8.0) with JetifyTransform
Transforming activity-ktx-1.8.0.aar (androidx.activity:activity-ktx:1.8.0) with ExtractAarTransform
Transforming activity-ktx-1.8.0.aar (androidx.activity:activity-ktx:1.8.0) with LibrarySymbolTableTransform
Transforming emoji2-1.4.0.aar (androidx.emoji2:emoji2:1.4.0) with JetifyTransform
Transforming emoji2-1.4.0.aar (androidx.emoji2:emoji2:1.4.0) with ExtractAarTransform
Transforming emoji2-1.4.0.aar (androidx.emoji2:emoji2:1.4.0) with LibrarySymbolTableTransform
Transforming lifecycle-process-2.6.2.aar (androidx.lifecycle:lifecycle-process:2.6.2) with JetifyTransform
Transforming lifecycle-process-2.6.2.aar (androidx.lifecycle:lifecycle-process:2.6.2) with ExtractAarTransform
Transforming lifecycle-process-2.6.2.aar (androidx.lifecycle:lifecycle-process:2.6.2) with LibrarySymbolTableTransform
Transforming lifecycle-livedata-core-2.6.2.aar (androidx.lifecycle:lifecycle-livedata-core:2.6.2) with JetifyTransform
Transforming lifecycle-livedata-core-2.6.2.aar (androidx.lifecycle:lifecycle-livedata-core:2.6.2) with ExtractAarTransform
Transforming lifecycle-livedata-core-2.6.2.aar (androidx.lifecycle:lifecycle-livedata-core:2.6.2) with LibrarySymbolTableTransform
Transforming savedstate-ktx-1.2.1.aar (androidx.savedstate:savedstate-ktx:1.2.1) with JetifyTransform
Transforming savedstate-ktx-1.2.1.aar (androidx.savedstate:savedstate-ktx:1.2.1) with ExtractAarTransform
Transforming savedstate-ktx-1.2.1.aar (androidx.savedstate:savedstate-ktx:1.2.1) with LibrarySymbolTableTransform
Transforming savedstate-1.2.1.aar (androidx.savedstate:savedstate:1.2.1) with JetifyTransform
Transforming savedstate-1.2.1.aar (androidx.savedstate:savedstate:1.2.1) with ExtractAarTransform
Transforming savedstate-1.2.1.aar (androidx.savedstate:savedstate:1.2.1) with LibrarySymbolTableTransform
Transforming lifecycle-viewmodel-ktx-2.6.2.aar (androidx.lifecycle:lifecycle-viewmodel-ktx:2.6.2) with JetifyTransform
Transforming lifecycle-viewmodel-ktx-2.6.2.aar (androidx.lifecycle:lifecycle-viewmodel-ktx:2.6.2) with ExtractAarTransform
Transforming lifecycle-viewmodel-ktx-2.6.2.aar (androidx.lifecycle:lifecycle-viewmodel-ktx:2.6.2) with LibrarySymbolTableTransform
Transforming lifecycle-viewmodel-2.6.2.aar (androidx.lifecycle:lifecycle-viewmodel:2.6.2) with JetifyTransform
Transforming lifecycle-viewmodel-2.6.2.aar (androidx.lifecycle:lifecycle-viewmodel:2.6.2) with ExtractAarTransform
Transforming lifecycle-viewmodel-2.6.2.aar (androidx.lifecycle:lifecycle-viewmodel:2.6.2) with LibrarySymbolTableTransform
Transforming lifecycle-viewmodel-savedstate-2.6.2.aar (androidx.lifecycle:lifecycle-viewmodel-savedstate:2.6.2) with JetifyTransform
Transforming lifecycle-viewmodel-savedstate-2.6.2.aar (androidx.lifecycle:lifecycle-viewmodel-savedstate:2.6.2) with ExtractAarTransform
Transforming lifecycle-viewmodel-savedstate-2.6.2.aar (androidx.lifecycle:lifecycle-viewmodel-savedstate:2.6.2) with LibrarySymbolTableTransform
Transforming customview-poolingcontainer-1.0.0.aar (androidx.customview:customview-poolingcontainer:1.0.0) with JetifyTransform
Transforming customview-poolingcontainer-1.0.0.aar (androidx.customview:customview-poolingcontainer:1.0.0) with ExtractAarTransform
Transforming customview-poolingcontainer-1.0.0.aar (androidx.customview:customview-poolingcontainer:1.0.0) with LibrarySymbolTableTransform
Transforming core-ktx-1.12.0.aar (androidx.core:core-ktx:1.12.0) with JetifyTransform
Transforming core-ktx-1.12.0.aar (androidx.core:core-ktx:1.12.0) with ExtractAarTransform
Transforming core-ktx-1.12.0.aar (androidx.core:core-ktx:1.12.0) with LibrarySymbolTableTransform
Transforming webkit-1.11.0.aar (androidx.webkit:webkit:1.11.0) with JetifyTransform
Transforming webkit-1.11.0.aar (androidx.webkit:webkit:1.11.0) with ExtractAarTransform
Transforming webkit-1.11.0.aar (androidx.webkit:webkit:1.11.0) with LibrarySymbolTableTransform
Transforming autofill-1.0.0.aar (androidx.autofill:autofill:1.0.0) with JetifyTransform
Transforming autofill-1.0.0.aar (androidx.autofill:autofill:1.0.0) with ExtractAarTransform
Transforming autofill-1.0.0.aar (androidx.autofill:autofill:1.0.0) with LibrarySymbolTableTransform
Transforming core-1.12.0.aar (androidx.core:core:1.12.0) with JetifyTransform
Transforming core-1.12.0.aar (androidx.core:core:1.12.0) with ExtractAarTransform
Transforming core-1.12.0.aar (androidx.core:core:1.12.0) with LibrarySymbolTableTransform
Transforming core-1.12.0.aar (androidx.core:core:1.12.0) with JetifyTransform
Transforming core-1.12.0.aar (androidx.core:core:1.12.0) with ExtractAarTransform
Transforming core-1.12.0.aar (androidx.core:core:1.12.0) with LibrarySymbolTableTransform
Transforming lifecycle-runtime-2.6.2.aar (androidx.lifecycle:lifecycle-runtime:2.6.2) with JetifyTransform
Transforming lifecycle-runtime-2.6.2.aar (androidx.lifecycle:lifecycle-runtime:2.6.2) with ExtractAarTransform
Transforming lifecycle-runtime-2.6.2.aar (androidx.lifecycle:lifecycle-runtime:2.6.2) with LibrarySymbolTableTransform
Transforming lifecycle-viewmodel-compose-2.6.2.aar (androidx.lifecycle:lifecycle-viewmodel-compose:2.6.2) with JetifyTransform
Transforming lifecycle-viewmodel-compose-2.6.2.aar (androidx.lifecycle:lifecycle-viewmodel-compose:2.6.2) with ExtractAarTransform
Transforming lifecycle-viewmodel-compose-2.6.2.aar (androidx.lifecycle:lifecycle-viewmodel-compose:2.6.2) with LibrarySymbolTableTransform
Transforming lifecycle-runtime-ktx-2.6.2.aar (androidx.lifecycle:lifecycle-runtime-ktx:2.6.2) with JetifyTransform
Transforming lifecycle-runtime-ktx-2.6.2.aar (androidx.lifecycle:lifecycle-runtime-ktx:2.6.2) with ExtractAarTransform
Transforming lifecycle-runtime-ktx-2.6.2.aar (androidx.lifecycle:lifecycle-runtime-ktx:2.6.2) with LibrarySymbolTableTransform
Transforming runtime-saveable-release.aar (androidx.compose.runtime:runtime-saveable-android:1.5.0) with JetifyTransform
Transforming runtime-saveable-release.aar (androidx.compose.runtime:runtime-saveable-android:1.5.0) with ExtractAarTransform
Transforming runtime-saveable-release.aar (androidx.compose.runtime:runtime-saveable-android:1.5.0) with LibrarySymbolTableTransform
Transforming runtime-release.aar (androidx.compose.runtime:runtime-android:1.5.0) with JetifyTransform
Transforming runtime-release.aar (androidx.compose.runtime:runtime-android:1.5.0) with ExtractAarTransform
Transforming runtime-release.aar (androidx.compose.runtime:runtime-android:1.5.0) with LibrarySymbolTableTransform
Transforming security-crypto-1.1.0-alpha06.aar (androidx.security:security-crypto:1.1.0-alpha06) with JetifyTransform
Transforming security-crypto-1.1.0-alpha06.aar (androidx.security:security-crypto:1.1.0-alpha06) with ExtractAarTransform
Transforming security-crypto-1.1.0-alpha06.aar (androidx.security:security-crypto:1.1.0-alpha06) with LibrarySymbolTableTransform
Transforming annotation-experimental-1.3.0.aar (androidx.annotation:annotation-experimental:1.3.0) with JetifyTransform
Transforming annotation-experimental-1.3.0.aar (androidx.annotation:annotation-experimental:1.3.0) with ExtractAarTransform
Transforming annotation-experimental-1.3.0.aar (androidx.annotation:annotation-experimental:1.3.0) with LibrarySymbolTableTransform
Transforming versionedparcelable-1.1.1.aar (androidx.versionedparcelable:versionedparcelable:1.1.1) with JetifyTransform
Transforming versionedparcelable-1.1.1.aar (androidx.versionedparcelable:versionedparcelable:1.1.1) with ExtractAarTransform
Transforming versionedparcelable-1.1.1.aar (androidx.versionedparcelable:versionedparcelable:1.1.1) with LibrarySymbolTableTransform
Transforming interpolator-1.0.0.aar (androidx.interpolator:interpolator:1.0.0) with JetifyTransform
Transforming interpolator-1.0.0.aar (androidx.interpolator:interpolator:1.0.0) with ExtractAarTransform
Transforming interpolator-1.0.0.aar (androidx.interpolator:interpolator:1.0.0) with LibrarySymbolTableTransform
Transforming core-runtime-2.2.0.aar (androidx.arch.core:core-runtime:2.2.0) with JetifyTransform
Transforming core-runtime-2.2.0.aar (androidx.arch.core:core-runtime:2.2.0) with ExtractAarTransform
Transforming core-runtime-2.2.0.aar (androidx.arch.core:core-runtime:2.2.0) with LibrarySymbolTableTransform
Transforming profileinstaller-1.3.0.aar (androidx.profileinstaller:profileinstaller:1.3.0) with JetifyTransform
Transforming profileinstaller-1.3.0.aar (androidx.profileinstaller:profileinstaller:1.3.0) with ExtractAarTransform
Transforming profileinstaller-1.3.0.aar (androidx.profileinstaller:profileinstaller:1.3.0) with LibrarySymbolTableTransform
Transforming startup-runtime-1.1.1.aar (androidx.startup:startup-runtime:1.1.1) with JetifyTransform
Transforming startup-runtime-1.1.1.aar (androidx.startup:startup-runtime:1.1.1) with ExtractAarTransform
Transforming startup-runtime-1.1.1.aar (androidx.startup:startup-runtime:1.1.1) with LibrarySymbolTableTransform
Transforming tracing-1.0.0.aar (androidx.tracing:tracing:1.0.0) with JetifyTransform
Transforming tracing-1.0.0.aar (androidx.tracing:tracing:1.0.0) with ExtractAarTransform
Transforming tracing-1.0.0.aar (androidx.tracing:tracing:1.0.0) with LibrarySymbolTableTransform
Caching disabled for task ':app:processDebugResources' because:
  Build cache is disabled
Skipping task ':app:processDebugResources' as it is up-to-date.
Resolve mutations for :app:compileDebugKotlin (Thread[Execution worker Thread 3,5,main]) started.
:app:compileDebugKotlin (Thread[Execution worker Thread 3,5,main]) started.

> Task :app:compileDebugKotlin UP-TO-DATE
Transforming activity-ktx-1.8.0.aar (androidx.activity:activity-ktx:1.8.0) with JetifyTransform
Transforming activity-ktx-1.8.0.aar (androidx.activity:activity-ktx:1.8.0) with AarToClassTransform
Transforming okhttp-4.11.0.jar (com.squareup.okhttp3:okhttp:4.11.0) with JetifyTransform
Transforming okhttp-dnsoverhttps-4.11.0.jar (com.squareup.okhttp3:okhttp-dnsoverhttps:4.11.0) with JetifyTransform
Transforming okhttp-4.11.0.jar (com.squareup.okhttp3:okhttp:4.11.0) with IdentityTransform
Transforming activity-compose-1.8.0.aar (androidx.activity:activity-compose:1.8.0) with JetifyTransform
Transforming okhttp-dnsoverhttps-4.11.0.jar (com.squareup.okhttp3:okhttp-dnsoverhttps:4.11.0) with IdentityTransform
Transforming activity-compose-1.8.0.aar (androidx.activity:activity-compose:1.8.0) with AarToClassTransform
Transforming material3-1.1.1.aar (androidx.compose.material3:material3:1.1.1) with JetifyTransform
Transforming material3-1.1.1.aar (androidx.compose.material3:material3:1.1.1) with AarToClassTransform
Transforming ui-unit-release.aar (androidx.compose.ui:ui-unit-android:1.5.0) with JetifyTransform
Transforming ui-unit-release.aar (androidx.compose.ui:ui-unit-android:1.5.0) with AarToClassTransform
Transforming material-icons-core-release.aar (androidx.compose.material:material-icons-core-android:1.5.0) with JetifyTransform
Transforming material-icons-core-release.aar (androidx.compose.material:material-icons-core-android:1.5.0) with AarToClassTransform
Transforming material-icons-extended-release.aar (androidx.compose.material:material-icons-extended-android:1.5.0) with JetifyTransform
Transforming material-icons-extended-release.aar (androidx.compose.material:material-icons-extended-android:1.5.0) with AarToClassTransform
Transforming material-ripple-release.aar (androidx.compose.material:material-ripple-android:1.5.0) with JetifyTransform
Transforming material-ripple-release.aar (androidx.compose.material:material-ripple-android:1.5.0) with AarToClassTransform
Transforming foundation-layout-release.aar (androidx.compose.foundation:foundation-layout-android:1.5.0) with JetifyTransform
Transforming foundation-layout-release.aar (androidx.compose.foundation:foundation-layout-android:1.5.0) with AarToClassTransform
Transforming foundation-release.aar (androidx.compose.foundation:foundation-android:1.5.0) with JetifyTransform
Transforming foundation-release.aar (androidx.compose.foundation:foundation-android:1.5.0) with AarToClassTransform
Transforming animation-core-release.aar (androidx.compose.animation:animation-core-android:1.5.0) with JetifyTransform
Transforming animation-core-release.aar (androidx.compose.animation:animation-core-android:1.5.0) with AarToClassTransform
Transforming animation-release.aar (androidx.compose.animation:animation-android:1.5.0) with JetifyTransform
Transforming animation-release.aar (androidx.compose.animation:animation-android:1.5.0) with AarToClassTransform
Transforming ui-geometry-release.aar (androidx.compose.ui:ui-geometry-android:1.5.0) with JetifyTransform
Transforming ui-geometry-release.aar (androidx.compose.ui:ui-geometry-android:1.5.0) with AarToClassTransform
Transforming ui-tooling-data-release.aar (androidx.compose.ui:ui-tooling-data-android:1.5.0) with JetifyTransform
Transforming ui-tooling-data-release.aar (androidx.compose.ui:ui-tooling-data-android:1.5.0) with AarToClassTransform
Transforming ui-text-release.aar (androidx.compose.ui:ui-text-android:1.5.0) with JetifyTransform
Transforming ui-text-release.aar (androidx.compose.ui:ui-text-android:1.5.0) with AarToClassTransform
Transforming ui-tooling-preview-release.aar (androidx.compose.ui:ui-tooling-preview-android:1.5.0) with JetifyTransform
Transforming ui-tooling-preview-release.aar (androidx.compose.ui:ui-tooling-preview-android:1.5.0) with AarToClassTransform
Transforming ui-graphics-release.aar (androidx.compose.ui:ui-graphics-android:1.5.0) with JetifyTransform
Transforming ui-graphics-release.aar (androidx.compose.ui:ui-graphics-android:1.5.0) with AarToClassTransform
Transforming ui-release.aar (androidx.compose.ui:ui-android:1.5.0) with JetifyTransform
Transforming ui-release.aar (androidx.compose.ui:ui-android:1.5.0) with AarToClassTransform
Transforming ui-tooling-release.aar (androidx.compose.ui:ui-tooling-android:1.5.0) with JetifyTransform
Transforming ui-tooling-release.aar (androidx.compose.ui:ui-tooling-android:1.5.0) with AarToClassTransform
Transforming ui-test-manifest-1.5.0.aar (androidx.compose.ui:ui-test-manifest:1.5.0) with JetifyTransform
Transforming ui-test-manifest-1.5.0.aar (androidx.compose.ui:ui-test-manifest:1.5.0) with AarToClassTransform
Transforming activity-1.8.0.aar (androidx.activity:activity:1.8.0) with JetifyTransform
Transforming activity-1.8.0.aar (androidx.activity:activity:1.8.0) with AarToClassTransform
Transforming lifecycle-livedata-core-2.6.2.aar (androidx.lifecycle:lifecycle-livedata-core:2.6.2) with JetifyTransform
Transforming lifecycle-livedata-core-2.6.2.aar (androidx.lifecycle:lifecycle-livedata-core:2.6.2) with AarToClassTransform
Transforming lifecycle-viewmodel-ktx-2.6.2.aar (androidx.lifecycle:lifecycle-viewmodel-ktx:2.6.2) with JetifyTransform
Transforming lifecycle-viewmodel-ktx-2.6.2.aar (androidx.lifecycle:lifecycle-viewmodel-ktx:2.6.2) with AarToClassTransform
Transforming lifecycle-viewmodel-2.6.2.aar (androidx.lifecycle:lifecycle-viewmodel:2.6.2) with JetifyTransform
Transforming lifecycle-viewmodel-2.6.2.aar (androidx.lifecycle:lifecycle-viewmodel:2.6.2) with AarToClassTransform
Transforming lifecycle-common-2.6.2.jar (androidx.lifecycle:lifecycle-common:2.6.2) with JetifyTransform
Transforming lifecycle-viewmodel-savedstate-2.6.2.aar (androidx.lifecycle:lifecycle-viewmodel-savedstate:2.6.2) with JetifyTransform
Transforming lifecycle-viewmodel-savedstate-2.6.2.aar (androidx.lifecycle:lifecycle-viewmodel-savedstate:2.6.2) with AarToClassTransform
Transforming lifecycle-common-2.6.2.jar (androidx.lifecycle:lifecycle-common:2.6.2) with IdentityTransform
Transforming core-ktx-1.12.0.aar (androidx.core:core-ktx:1.12.0) with JetifyTransform
Transforming lifecycle-common-java8-2.6.2.jar (androidx.lifecycle:lifecycle-common-java8:2.6.2) with JetifyTransform
Transforming core-ktx-1.12.0.aar (androidx.core:core-ktx:1.12.0) with AarToClassTransform
Transforming webkit-1.11.0.aar (androidx.webkit:webkit:1.11.0) with JetifyTransform
Transforming lifecycle-common-java8-2.6.2.jar (androidx.lifecycle:lifecycle-common-java8:2.6.2) with IdentityTransform
Transforming webkit-1.11.0.aar (androidx.webkit:webkit:1.11.0) with AarToClassTransform
Transforming core-1.12.0.aar (androidx.core:core:1.12.0) with JetifyTransform
Transforming core-1.12.0.aar (androidx.core:core:1.12.0) with AarToClassTransform
Transforming lifecycle-runtime-2.6.2.aar (androidx.lifecycle:lifecycle-runtime:2.6.2) with JetifyTransform
Transforming lifecycle-runtime-2.6.2.aar (androidx.lifecycle:lifecycle-runtime:2.6.2) with AarToClassTransform
Transforming lifecycle-viewmodel-compose-2.6.2.aar (androidx.lifecycle:lifecycle-viewmodel-compose:2.6.2) with JetifyTransform
Transforming lifecycle-viewmodel-compose-2.6.2.aar (androidx.lifecycle:lifecycle-viewmodel-compose:2.6.2) with AarToClassTransform
Transforming lifecycle-runtime-ktx-2.6.2.aar (androidx.lifecycle:lifecycle-runtime-ktx:2.6.2) with JetifyTransform
Transforming lifecycle-runtime-ktx-2.6.2.aar (androidx.lifecycle:lifecycle-runtime-ktx:2.6.2) with AarToClassTransform
Transforming runtime-saveable-release.aar (androidx.compose.runtime:runtime-saveable-android:1.5.0) with JetifyTransform
Transforming runtime-saveable-release.aar (androidx.compose.runtime:runtime-saveable-android:1.5.0) with AarToClassTransform
Transforming runtime-release.aar (androidx.compose.runtime:runtime-android:1.5.0) with JetifyTransform
Transforming runtime-release.aar (androidx.compose.runtime:runtime-android:1.5.0) with AarToClassTransform
Transforming kotlinx-coroutines-android-1.6.4.jar (org.jetbrains.kotlinx:kotlinx-coroutines-android:1.6.4) with JetifyTransform
Transforming kotlinx-coroutines-core-jvm-1.6.4.jar (org.jetbrains.kotlinx:kotlinx-coroutines-core-jvm:1.6.4) with JetifyTransform
Transforming annotation-experimental-1.3.0.aar (androidx.annotation:annotation-experimental:1.3.0) with JetifyTransform
Transforming kotlinx-coroutines-core-jvm-1.6.4.jar (org.jetbrains.kotlinx:kotlinx-coroutines-core-jvm:1.6.4) with IdentityTransform
Transforming okio-jvm-3.2.0.jar (com.squareup.okio:okio-jvm:3.2.0) with JetifyTransform
Transforming annotation-experimental-1.3.0.aar (androidx.annotation:annotation-experimental:1.3.0) with AarToClassTransform
Transforming kotlinx-coroutines-android-1.6.4.jar (org.jetbrains.kotlinx:kotlinx-coroutines-android:1.6.4) with IdentityTransform
Transforming okio-jvm-3.2.0.jar (com.squareup.okio:okio-jvm:3.2.0) with IdentityTransform
Transforming savedstate-ktx-1.2.1.aar (androidx.savedstate:savedstate-ktx:1.2.1) with JetifyTransform
Transforming kotlin-stdlib-jdk8-1.9.0.jar (org.jetbrains.kotlin:kotlin-stdlib-jdk8:1.9.0) with JetifyTransform
Transforming kotlin-stdlib-jdk7-1.9.0.jar (org.jetbrains.kotlin:kotlin-stdlib-jdk7:1.9.0) with JetifyTransform
Transforming savedstate-ktx-1.2.1.aar (androidx.savedstate:savedstate-ktx:1.2.1) with AarToClassTransform
Transforming kotlin-stdlib-jdk8-1.9.0.jar (org.jetbrains.kotlin:kotlin-stdlib-jdk8:1.9.0) with IdentityTransform
Transforming kotlin-stdlib-jdk7-1.9.0.jar (org.jetbrains.kotlin:kotlin-stdlib-jdk7:1.9.0) with IdentityTransform
Transforming savedstate-1.2.1.aar (androidx.savedstate:savedstate:1.2.1) with JetifyTransform
Transforming savedstate-1.2.1.aar (androidx.savedstate:savedstate:1.2.1) with AarToClassTransform
Transforming security-crypto-1.1.0-alpha06.aar (androidx.security:security-crypto:1.1.0-alpha06) with JetifyTransform
Transforming security-crypto-1.1.0-alpha06.aar (androidx.security:security-crypto:1.1.0-alpha06) with AarToClassTransform
Transforming versionedparcelable-1.1.1.aar (androidx.versionedparcelable:versionedparcelable:1.1.1) with JetifyTransform
Transforming versionedparcelable-1.1.1.aar (androidx.versionedparcelable:versionedparcelable:1.1.1) with AarToClassTransform
Transforming annotations-13.0.jar (org.jetbrains:annotations:13.0) with JetifyTransform
Transforming collection-1.1.0.jar (androidx.collection:collection:1.1.0) with JetifyTransform
Transforming annotation-jvm-1.6.0.jar (androidx.annotation:annotation-jvm:1.6.0) with JetifyTransform
Transforming annotations-13.0.jar (org.jetbrains:annotations:13.0) with IdentityTransform
Transforming annotation-jvm-1.6.0.jar (androidx.annotation:annotation-jvm:1.6.0) with IdentityTransform
Transforming core-common-2.2.0.jar (androidx.arch.core:core-common:2.2.0) with JetifyTransform
Transforming kotlin-stdlib-1.9.0.jar (org.jetbrains.kotlin:kotlin-stdlib:1.9.0) with JetifyTransform
Transforming collection-1.1.0.jar (androidx.collection:collection:1.1.0) with IdentityTransform
Transforming core-common-2.2.0.jar (androidx.arch.core:core-common:2.2.0) with IdentityTransform
Transforming kotlin-stdlib-common-1.9.0.jar (org.jetbrains.kotlin:kotlin-stdlib-common:1.9.0) with JetifyTransform
Transforming kotlin-stdlib-1.9.0.jar (org.jetbrains.kotlin:kotlin-stdlib:1.9.0) with IdentityTransform
Transforming kotlin-stdlib-common-1.9.0.jar (org.jetbrains.kotlin:kotlin-stdlib-common:1.9.0) with IdentityTransform
Transforming R.jar with ClasspathEntrySnapshotTransform
Transforming jetified-okhttp-dnsoverhttps-4.11.0.jar with ClasspathEntrySnapshotTransform
Transforming jetified-okhttp-4.11.0.jar with ClasspathEntrySnapshotTransform
Transforming jetified-activity-ktx-1.8.0-api.jar with ClasspathEntrySnapshotTransform
Transforming jetified-activity-compose-1.8.0-api.jar with ClasspathEntrySnapshotTransform
Transforming jetified-material3-1.1.1-api.jar with ClasspathEntrySnapshotTransform
Transforming jetified-ui-unit-release-api.jar with ClasspathEntrySnapshotTransform
Transforming jetified-material-icons-core-release-api.jar with ClasspathEntrySnapshotTransform
Transforming jetified-material-icons-extended-release-api.jar with ClasspathEntrySnapshotTransform
Transforming jetified-material-ripple-release-api.jar with ClasspathEntrySnapshotTransform
Transforming jetified-foundation-layout-release-api.jar with ClasspathEntrySnapshotTransform
Transforming jetified-foundation-release-api.jar with ClasspathEntrySnapshotTransform
Transforming jetified-animation-core-release-api.jar with ClasspathEntrySnapshotTransform
Transforming jetified-animation-release-api.jar with ClasspathEntrySnapshotTransform
Transforming jetified-ui-geometry-release-api.jar with ClasspathEntrySnapshotTransform
Transforming jetified-ui-tooling-data-release-api.jar with ClasspathEntrySnapshotTransform
Transforming jetified-ui-text-release-api.jar with ClasspathEntrySnapshotTransform
Transforming jetified-ui-tooling-preview-release-api.jar with ClasspathEntrySnapshotTransform
Transforming jetified-ui-graphics-release-api.jar with ClasspathEntrySnapshotTransform
Transforming jetified-ui-release-api.jar with ClasspathEntrySnapshotTransform
Transforming jetified-ui-tooling-release-api.jar with ClasspathEntrySnapshotTransform
Transforming jetified-ui-test-manifest-1.5.0-api.jar with ClasspathEntrySnapshotTransform
Transforming jetified-activity-1.8.0-api.jar with ClasspathEntrySnapshotTransform
Transforming lifecycle-livedata-core-2.6.2-api.jar with ClasspathEntrySnapshotTransform
Transforming lifecycle-common-2.6.2.jar with ClasspathEntrySnapshotTransform
Transforming jetified-lifecycle-viewmodel-ktx-2.6.2-api.jar with ClasspathEntrySnapshotTransform
Transforming lifecycle-common-java8-2.6.2.jar with ClasspathEntrySnapshotTransform
Transforming lifecycle-viewmodel-2.6.2-api.jar with ClasspathEntrySnapshotTransform
Transforming jetified-lifecycle-viewmodel-savedstate-2.6.2-api.jar with ClasspathEntrySnapshotTransform
Transforming jetified-core-ktx-1.12.0-api.jar with ClasspathEntrySnapshotTransform
Transforming webkit-1.11.0-api.jar with ClasspathEntrySnapshotTransform
Transforming core-1.12.0-api.jar with ClasspathEntrySnapshotTransform
Transforming lifecycle-runtime-2.6.2-api.jar with ClasspathEntrySnapshotTransform
Transforming jetified-lifecycle-viewmodel-compose-2.6.2-api.jar with ClasspathEntrySnapshotTransform
Transforming jetified-lifecycle-runtime-ktx-2.6.2-api.jar with ClasspathEntrySnapshotTransform
Transforming jetified-runtime-saveable-release-api.jar with ClasspathEntrySnapshotTransform
Transforming jetified-runtime-release-api.jar with ClasspathEntrySnapshotTransform
Transforming jetified-kotlinx-coroutines-core-jvm-1.6.4.jar with ClasspathEntrySnapshotTransform
Transforming jetified-kotlinx-coroutines-android-1.6.4.jar with ClasspathEntrySnapshotTransform
Transforming jetified-okio-jvm-3.2.0.jar with ClasspathEntrySnapshotTransform
Transforming jetified-kotlin-stdlib-jdk8-1.9.0.jar with ClasspathEntrySnapshotTransform
Transforming jetified-kotlin-stdlib-jdk7-1.9.0.jar with ClasspathEntrySnapshotTransform
Transforming jetified-annotation-experimental-1.3.0-api.jar with ClasspathEntrySnapshotTransform
Transforming jetified-savedstate-ktx-1.2.1-api.jar with ClasspathEntrySnapshotTransform
Transforming jetified-savedstate-1.2.1-api.jar with ClasspathEntrySnapshotTransform
Transforming jetified-security-crypto-1.1.0-alpha06-api.jar with ClasspathEntrySnapshotTransform
Transforming versionedparcelable-1.1.1-api.jar with ClasspathEntrySnapshotTransform
Transforming core-common-2.2.0.jar with ClasspathEntrySnapshotTransform
Transforming collection-1.1.0.jar with ClasspathEntrySnapshotTransform
Transforming jetified-annotation-jvm-1.6.0.jar with ClasspathEntrySnapshotTransform
Transforming jetified-kotlin-stdlib-1.9.0.jar with ClasspathEntrySnapshotTransform
Transforming jetified-kotlin-stdlib-common-1.9.0.jar with ClasspathEntrySnapshotTransform
Transforming jetified-annotations-13.0.jar with ClasspathEntrySnapshotTransform
Transforming android.jar with ClasspathEntrySnapshotTransform
Transforming core-lambda-stubs.jar with ClasspathEntrySnapshotTransform
Caching disabled for task ':app:compileDebugKotlin' because:
  Build cache is disabled
Skipping task ':app:compileDebugKotlin' as it is up-to-date.
Resolve mutations for :app:javaPreCompileDebug (Thread[Execution worker Thread 3,5,main]) started.
:app:javaPreCompileDebug (Thread[Execution worker Thread 6,5,main]) started.

> Task :app:javaPreCompileDebug UP-TO-DATE
Caching disabled for task ':app:javaPreCompileDebug' because:
  Build cache is disabled
Skipping task ':app:javaPreCompileDebug' as it is up-to-date.
Resolve mutations for :app:compileDebugJavaWithJavac (Thread[Execution worker Thread 6,5,main]) started.
:app:compileDebugJavaWithJavac (Thread[Execution worker Thread 3,5,main]) started.

> Task :app:compileDebugJavaWithJavac UP-TO-DATE
Caching disabled for task ':app:compileDebugJavaWithJavac' because:
  Build cache is disabled
Skipping task ':app:compileDebugJavaWithJavac' as it is up-to-date.
No compile result for :app:compileDebugJavaWithJavac
No compile result for :app:compileDebugJavaWithJavac
Resolve mutations for :app:bundleDebugClassesToRuntimeJar (Thread[Execution worker Thread 3,5,main]) started.
:app:bundleDebugClassesToRuntimeJar (Thread[Execution worker Thread 3,5,main]) started.

> Task :app:bundleDebugClassesToRuntimeJar UP-TO-DATE
Caching disabled for task ':app:bundleDebugClassesToRuntimeJar' because:
  Build cache is disabled
Skipping task ':app:bundleDebugClassesToRuntimeJar' as it is up-to-date.
work action resolve classes.jar (project :app) (Thread[Execution worker Thread 3,5,main]) started.
Resolve mutations for :app:bundleDebugClassesToCompileJar (Thread[Execution worker Thread 3,5,main]) started.
:app:bundleDebugClassesToCompileJar (Thread[Execution worker Thread 3,5,main]) started.

> Task :app:bundleDebugClassesToCompileJar UP-TO-DATE
Caching disabled for task ':app:bundleDebugClassesToCompileJar' because:
  Build cache is disabled
Skipping task ':app:bundleDebugClassesToCompileJar' as it is up-to-date.
work action resolve classes.jar (project :app) (Thread[Execution worker Thread 3,5,main]) started.
Resolve mutations for :app:compileDebugUnitTestKotlin (Thread[Execution worker Thread 3,5,main]) started.
:app:compileDebugUnitTestKotlin (Thread[Execution worker Thread 3,5,main]) started.
Resolve mutations for :app:preDebugUnitTestBuild (Thread[Execution worker Thread 7,5,main]) started.
:app:preDebugUnitTestBuild (Thread[Execution worker Thread 7,5,main]) started.

> Task :app:preDebugUnitTestBuild UP-TO-DATE
Skipping task ':app:preDebugUnitTestBuild' as it has no actions.
Resolve mutations for :app:javaPreCompileDebugUnitTest (Thread[Execution worker Thread 7,5,main]) started.
:app:javaPreCompileDebugUnitTest (Thread[Execution worker Thread 7,5,main]) started.

> Task :app:javaPreCompileDebugUnitTest UP-TO-DATE
Caching disabled for task ':app:javaPreCompileDebugUnitTest' because:
  Build cache is disabled
Skipping task ':app:javaPreCompileDebugUnitTest' as it is up-to-date.
Resolve mutations for :app:processDebugJavaRes (Thread[Execution worker Thread 7,5,main]) started.
:app:processDebugJavaRes (Thread[Execution worker Thread 4,5,main]) started.

> Task :app:processDebugJavaRes UP-TO-DATE
file or directory 'C:\one\Amnos\app\src\main\resources', not found
file or directory 'C:\one\Amnos\app\src\debug\resources', not found
file or directory 'C:\one\Amnos\app\src\main\resources', not found
file or directory 'C:\one\Amnos\app\src\debug\resources', not found
Caching disabled for task ':app:processDebugJavaRes' because:
  Build cache is disabled
Skipping task ':app:processDebugJavaRes' as it is up-to-date.
work action resolve out (project :app) (Thread[Execution worker Thread 4,5,main]) started.

> Task :app:compileDebugUnitTestKotlin
Transforming junit-4.13.2.jar (junit:junit:4.13.2) with JetifyTransform
Transforming junit-4.13.2.jar (junit:junit:4.13.2) with IdentityTransform
Transforming hamcrest-core-1.3.jar (org.hamcrest:hamcrest-core:1.3) with JetifyTransform
Transforming hamcrest-core-1.3.jar (org.hamcrest:hamcrest-core:1.3) with IdentityTransform
Transforming guava-31.1-jre.jar (com.google.guava:guava:31.1-jre) with JetifyTransform
Transforming guava-31.1-jre.jar (com.google.guava:guava:31.1-jre) with IdentityTransform
Transforming failureaccess-1.0.1.jar (com.google.guava:failureaccess:1.0.1) with JetifyTransform
Transforming robolectric-4.11.1.jar (org.robolectric:robolectric:4.11.1) with JetifyTransform
Transforming failureaccess-1.0.1.jar (com.google.guava:failureaccess:1.0.1) with IdentityTransform
Transforming utils-4.11.1.jar (org.robolectric:utils:4.11.1) with JetifyTransform
Transforming listenablefuture-9999.0-empty-to-avoid-conflict-with-guava.jar (com.google.guava:listenablefuture:9999.0-empty-to-avoid-conflict-with-guava) with JetifyTransform
Transforming utils-4.11.1.jar (org.robolectric:utils:4.11.1) with IdentityTransform
Transforming robolectric-4.11.1.jar (org.robolectric:robolectric:4.11.1) with IdentityTransform
Transforming listenablefuture-9999.0-empty-to-avoid-conflict-with-guava.jar (com.google.guava:listenablefuture:9999.0-empty-to-avoid-conflict-with-guava) with IdentityTransform
Transforming shadowapi-4.11.1.jar (org.robolectric:shadowapi:4.11.1) with JetifyTransform
Transforming nativeruntime-4.11.1.jar (org.robolectric:nativeruntime:4.11.1) with JetifyTransform
Transforming jsr305-3.0.2.jar (com.google.code.findbugs:jsr305:3.0.2) with JetifyTransform
Transforming nativeruntime-4.11.1.jar (org.robolectric:nativeruntime:4.11.1) with IdentityTransform
Transforming shadowapi-4.11.1.jar (org.robolectric:shadowapi:4.11.1) with IdentityTransform
Transforming jsr305-3.0.2.jar (com.google.code.findbugs:jsr305:3.0.2) with IdentityTransform
Transforming utils-reflector-4.11.1.jar (org.robolectric:utils-reflector:4.11.1) with JetifyTransform
Transforming checker-qual-3.12.0.jar (org.checkerframework:checker-qual:3.12.0) with JetifyTransform
Transforming shadows-versioning-4.11.1.jar (org.robolectric:shadows-versioning:4.11.1) with JetifyTransform
Transforming utils-reflector-4.11.1.jar (org.robolectric:utils-reflector:4.11.1) with IdentityTransform
Transforming checker-qual-3.12.0.jar (org.checkerframework:checker-qual:3.12.0) with IdentityTransform
Transforming annotations-4.11.1.jar (org.robolectric:annotations:4.11.1) with JetifyTransform
Transforming shadows-versioning-4.11.1.jar (org.robolectric:shadows-versioning:4.11.1) with IdentityTransform
Transforming junit-4.11.1.jar (org.robolectric:junit:4.11.1) with JetifyTransform
Transforming error_prone_annotations-2.11.0.jar (com.google.errorprone:error_prone_annotations:2.11.0) with JetifyTransform
Transforming annotations-4.11.1.jar (org.robolectric:annotations:4.11.1) with IdentityTransform
Transforming error_prone_annotations-2.11.0.jar (com.google.errorprone:error_prone_annotations:2.11.0) with IdentityTransform
Transforming junit-4.11.1.jar (org.robolectric:junit:4.11.1) with IdentityTransform
Transforming j2objc-annotations-1.3.jar (com.google.j2objc:j2objc-annotations:1.3) with JetifyTransform
Transforming shadows-framework-4.11.1.jar (org.robolectric:shadows-framework:4.11.1) with JetifyTransform
Transforming j2objc-annotations-1.3.jar (com.google.j2objc:j2objc-annotations:1.3) with IdentityTransform
Transforming shadows-framework-4.11.1.jar (org.robolectric:shadows-framework:4.11.1) with IdentityTransform
Transforming javax.inject-1.jar (javax.inject:javax.inject:1) with JetifyTransform
Transforming javax.inject-1.jar (javax.inject:javax.inject:1) with IdentityTransform
Transforming javax.annotation-api-1.3.2.jar (javax.annotation:javax.annotation-api:1.3.2) with JetifyTransform
Transforming javax.annotation-api-1.3.2.jar (javax.annotation:javax.annotation-api:1.3.2) with IdentityTransform
Transforming resources-4.11.1.jar (org.robolectric:resources:4.11.1) with JetifyTransform
Transforming resources-4.11.1.jar (org.robolectric:resources:4.11.1) with IdentityTransform
Transforming sandbox-4.11.1.jar (org.robolectric:sandbox:4.11.1) with JetifyTransform
Transforming sandbox-4.11.1.jar (org.robolectric:sandbox:4.11.1) with IdentityTransform
Transforming asm-9.6.jar (org.ow2.asm:asm:9.6) with JetifyTransform
Transforming asm-9.6.jar (org.ow2.asm:asm:9.6) with IdentityTransform
Transforming asm-tree-9.6.jar (org.ow2.asm:asm-tree:9.6) with JetifyTransform
Transforming asm-commons-9.6.jar (org.ow2.asm:asm-commons:9.6) with JetifyTransform
Transforming asm-tree-9.6.jar (org.ow2.asm:asm-tree:9.6) with IdentityTransform
Transforming asm-commons-9.6.jar (org.ow2.asm:asm-commons:9.6) with IdentityTransform
Transforming icu4j-73.2.jar (com.ibm.icu:icu4j:73.2) with JetifyTransform
Transforming sqlite4java-1.0.392.jar (com.almworks.sqlite4java:sqlite4java:1.0.392) with JetifyTransform
Transforming icu4j-73.2.jar (com.ibm.icu:icu4j:73.2) with IdentityTransform
Transforming sqlite4java-1.0.392.jar (com.almworks.sqlite4java:sqlite4java:1.0.392) with IdentityTransform
Transforming bcprov-jdk18on-1.76.jar (org.bouncycastle:bcprov-jdk18on:1.76) with JetifyTransform
Transforming asm-util-9.6.jar (org.ow2.asm:asm-util:9.6) with JetifyTransform
Transforming bcprov-jdk18on-1.76.jar (org.bouncycastle:bcprov-jdk18on:1.76) with IdentityTransform
Transforming asm-util-9.6.jar (org.ow2.asm:asm-util:9.6) with IdentityTransform
Transforming pluginapi-4.11.1.jar (org.robolectric:pluginapi:4.11.1) with JetifyTransform
Transforming pluginapi-4.11.1.jar (org.robolectric:pluginapi:4.11.1) with IdentityTransform
Transforming plugins-maven-dependency-resolver-4.11.1.jar (org.robolectric:plugins-maven-dependency-resolver:4.11.1) with JetifyTransform
Transforming auto-value-annotations-1.10.4.jar (com.google.auto.value:auto-value-annotations:1.10.4) with JetifyTransform
Transforming plugins-maven-dependency-resolver-4.11.1.jar (org.robolectric:plugins-maven-dependency-resolver:4.11.1) with IdentityTransform
Transforming auto-value-annotations-1.10.4.jar (com.google.auto.value:auto-value-annotations:1.10.4) with IdentityTransform
Transforming asm-analysis-9.6.jar (org.ow2.asm:asm-analysis:9.6) with JetifyTransform
Transforming monitor-1.6.1.aar (androidx.test:monitor:1.6.1) with JetifyTransform
Transforming asm-analysis-9.6.jar (org.ow2.asm:asm-analysis:9.6) with IdentityTransform
Transforming monitor-1.6.1.aar (androidx.test:monitor:1.6.1) with JetifyTransform
Transforming monitor-1.6.1.aar (androidx.test:monitor:1.6.1) with AarToClassTransform
Transforming monitor-1.6.1.aar (androidx.test:monitor:1.6.1) with AarToClassTransform
Transforming R.jar with ClasspathEntrySnapshotTransform
Transforming classes.jar with ClasspathEntrySnapshotTransform
Transforming jetified-okhttp-dnsoverhttps-4.11.0.jar with ClasspathEntrySnapshotTransform
Transforming jetified-okhttp-4.11.0.jar with ClasspathEntrySnapshotTransform
Transforming jetified-activity-ktx-1.8.0-api.jar with ClasspathEntrySnapshotTransform
Transforming jetified-activity-compose-1.8.0-api.jar with ClasspathEntrySnapshotTransform
Transforming jetified-material3-1.1.1-api.jar with ClasspathEntrySnapshotTransform
Transforming jetified-ui-unit-release-api.jar with ClasspathEntrySnapshotTransform
Transforming jetified-material-icons-core-release-api.jar with ClasspathEntrySnapshotTransform
Transforming jetified-material-icons-extended-release-api.jar with ClasspathEntrySnapshotTransform
Transforming jetified-material-ripple-release-api.jar with ClasspathEntrySnapshotTransform
Transforming jetified-foundation-layout-release-api.jar with ClasspathEntrySnapshotTransform
Transforming jetified-foundation-release-api.jar with ClasspathEntrySnapshotTransform
Transforming jetified-animation-core-release-api.jar with ClasspathEntrySnapshotTransform
Transforming jetified-animation-release-api.jar with ClasspathEntrySnapshotTransform
Transforming jetified-ui-geometry-release-api.jar with ClasspathEntrySnapshotTransform
Transforming jetified-ui-tooling-data-release-api.jar with ClasspathEntrySnapshotTransform
Transforming jetified-ui-text-release-api.jar with ClasspathEntrySnapshotTransform
Transforming jetified-ui-tooling-preview-release-api.jar with ClasspathEntrySnapshotTransform
Transforming jetified-ui-graphics-release-api.jar with ClasspathEntrySnapshotTransform
Transforming jetified-ui-release-api.jar with ClasspathEntrySnapshotTransform
Transforming jetified-ui-tooling-release-api.jar with ClasspathEntrySnapshotTransform
Transforming jetified-ui-test-manifest-1.5.0-api.jar with ClasspathEntrySnapshotTransform
Transforming jetified-activity-1.8.0-api.jar with ClasspathEntrySnapshotTransform
Transforming lifecycle-livedata-core-2.6.2-api.jar with ClasspathEntrySnapshotTransform
Transforming lifecycle-common-2.6.2.jar with ClasspathEntrySnapshotTransform
Transforming jetified-lifecycle-viewmodel-ktx-2.6.2-api.jar with ClasspathEntrySnapshotTransform
Transforming lifecycle-common-java8-2.6.2.jar with ClasspathEntrySnapshotTransform
Transforming lifecycle-viewmodel-2.6.2-api.jar with ClasspathEntrySnapshotTransform
Transforming jetified-lifecycle-viewmodel-savedstate-2.6.2-api.jar with ClasspathEntrySnapshotTransform
Transforming jetified-core-ktx-1.12.0-api.jar with ClasspathEntrySnapshotTransform
Transforming webkit-1.11.0-api.jar with ClasspathEntrySnapshotTransform
Transforming core-1.12.0-api.jar with ClasspathEntrySnapshotTransform
Transforming lifecycle-runtime-2.6.2-api.jar with ClasspathEntrySnapshotTransform
Transforming jetified-lifecycle-viewmodel-compose-2.6.2-api.jar with ClasspathEntrySnapshotTransform
Transforming jetified-lifecycle-runtime-ktx-2.6.2-api.jar with ClasspathEntrySnapshotTransform
Transforming jetified-runtime-saveable-release-api.jar with ClasspathEntrySnapshotTransform
Transforming jetified-runtime-release-api.jar with ClasspathEntrySnapshotTransform
Transforming jetified-kotlinx-coroutines-core-jvm-1.6.4.jar with ClasspathEntrySnapshotTransform
Transforming jetified-kotlinx-coroutines-android-1.6.4.jar with ClasspathEntrySnapshotTransform
Transforming jetified-okio-jvm-3.2.0.jar with ClasspathEntrySnapshotTransform
Transforming jetified-kotlin-stdlib-jdk8-1.9.0.jar with ClasspathEntrySnapshotTransform
Transforming jetified-security-crypto-1.1.0-alpha06-api.jar with ClasspathEntrySnapshotTransform
Transforming jetified-junit-4.13.2.jar with ClasspathEntrySnapshotTransform
Transforming jetified-hamcrest-core-1.3.jar with ClasspathEntrySnapshotTransform
Transforming jetified-robolectric-4.11.1.jar with ClasspathEntrySnapshotTransform
Transforming jetified-junit-4.11.1.jar with ClasspathEntrySnapshotTransform
Transforming jetified-shadows-framework-4.11.1.jar with ClasspathEntrySnapshotTransform
Transforming jetified-resources-4.11.1.jar with ClasspathEntrySnapshotTransform
Transforming jetified-sandbox-4.11.1.jar with ClasspathEntrySnapshotTransform
Transforming jetified-nativeruntime-4.11.1.jar with ClasspathEntrySnapshotTransform
Transforming jetified-utils-reflector-4.11.1.jar with ClasspathEntrySnapshotTransform
Transforming jetified-plugins-maven-dependency-resolver-4.11.1.jar with ClasspathEntrySnapshotTransform
Transforming jetified-shadows-versioning-4.11.1.jar with ClasspathEntrySnapshotTransform
Transforming jetified-shadowapi-4.11.1.jar with ClasspathEntrySnapshotTransform
Transforming jetified-utils-4.11.1.jar with ClasspathEntrySnapshotTransform
Transforming jetified-pluginapi-4.11.1.jar with ClasspathEntrySnapshotTransform
Transforming jetified-annotations-4.11.1.jar with ClasspathEntrySnapshotTransform
Transforming jetified-guava-31.1-jre.jar with ClasspathEntrySnapshotTransform
Transforming jetified-failureaccess-1.0.1.jar with ClasspathEntrySnapshotTransform
Transforming jetified-listenablefuture-9999.0-empty-to-avoid-conflict-with-guava.jar with ClasspathEntrySnapshotTransform
Transforming jetified-jsr305-3.0.2.jar with ClasspathEntrySnapshotTransform
Transforming jetified-checker-qual-3.12.0.jar with ClasspathEntrySnapshotTransform
Transforming jetified-error_prone_annotations-2.11.0.jar with ClasspathEntrySnapshotTransform
Transforming jetified-j2objc-annotations-1.3.jar with ClasspathEntrySnapshotTransform
Transforming jetified-javax.inject-1.jar with ClasspathEntrySnapshotTransform
Transforming jetified-javax.annotation-api-1.3.2.jar with ClasspathEntrySnapshotTransform
Transforming jetified-asm-commons-9.6.jar with ClasspathEntrySnapshotTransform
Transforming jetified-asm-util-9.6.jar with ClasspathEntrySnapshotTransform
Transforming jetified-asm-analysis-9.6.jar with ClasspathEntrySnapshotTransform
Transforming jetified-asm-tree-9.6.jar with ClasspathEntrySnapshotTransform
Transforming jetified-asm-9.6.jar with ClasspathEntrySnapshotTransform
Transforming jetified-auto-value-annotations-1.10.4.jar with ClasspathEntrySnapshotTransform
Transforming monitor-1.6.1-api.jar with ClasspathEntrySnapshotTransform
Transforming jetified-sqlite4java-1.0.392.jar with ClasspathEntrySnapshotTransform
Transforming jetified-icu4j-73.2.jar with ClasspathEntrySnapshotTransform
Transforming jetified-savedstate-ktx-1.2.1-api.jar with ClasspathEntrySnapshotTransform
Transforming jetified-savedstate-1.2.1-api.jar with ClasspathEntrySnapshotTransform
Transforming versionedparcelable-1.1.1-api.jar with ClasspathEntrySnapshotTransform
Transforming core-common-2.2.0.jar with ClasspathEntrySnapshotTransform
Transforming collection-1.1.0.jar with ClasspathEntrySnapshotTransform
Transforming jetified-annotation-jvm-1.6.0.jar with ClasspathEntrySnapshotTransform
Transforming jetified-kotlin-stdlib-jdk7-1.9.0.jar with ClasspathEntrySnapshotTransform
Transforming jetified-annotation-experimental-1.3.0-api.jar with ClasspathEntrySnapshotTransform
Transforming jetified-kotlin-stdlib-1.9.0.jar with ClasspathEntrySnapshotTransform
Transforming jetified-kotlin-stdlib-common-1.9.0.jar with ClasspathEntrySnapshotTransform
Transforming jetified-annotations-13.0.jar with ClasspathEntrySnapshotTransform
Transforming jetified-bcprov-jdk18on-1.76.jar with ClasspathEntrySnapshotTransform
Transforming android.jar with ClasspathEntrySnapshotTransform
Transforming core-lambda-stubs.jar with ClasspathEntrySnapshotTransform
Caching disabled for task ':app:compileDebugUnitTestKotlin' because:
  Build cache is disabled
Task ':app:compileDebugUnitTestKotlin' is not up-to-date because:
  Task has failed previously.
The input changes require a full rebuild for incremental task ':app:compileDebugUnitTestKotlin'.
file or directory 'C:\one\Amnos\app\src\debugUnitTest\kotlin', not found
file or directory 'C:\one\Amnos\app\src\test\java', not found
file or directory 'C:\one\Amnos\app\src\test\java', not found
file or directory 'C:\one\Amnos\app\src\testDebug\kotlin', not found
file or directory 'C:\one\Amnos\app\src\testDebug\kotlin', not found
file or directory 'C:\one\Amnos\app\src\testDebug\java', not found
file or directory 'C:\one\Amnos\app\src\testDebug\kotlin', not found
file or directory 'C:\one\Amnos\app\src\testDebug\java', not found
file or directory 'C:\one\Amnos\app\src\test\java', not found
file or directory 'C:\one\Amnos\app\src\testDebug\java', not found
file or directory 'C:\one\Amnos\app\src\debugUnitTest\kotlin', not found
file or directory 'C:\one\Amnos\app\src\debugUnitTest\kotlin', not found
file or directory 'C:\one\Amnos\app\src\test\java', not found
file or directory 'C:\one\Amnos\app\src\test\java', not found
file or directory 'C:\one\Amnos\app\src\testDebug\kotlin', not found
file or directory 'C:\one\Amnos\app\src\testDebug\kotlin', not found
file or directory 'C:\one\Amnos\app\src\testDebug\java', not found
file or directory 'C:\one\Amnos\app\src\testDebug\kotlin', not found
file or directory 'C:\one\Amnos\app\src\testDebug\java', not found
file or directory 'C:\one\Amnos\app\src\test\java', not found
file or directory 'C:\one\Amnos\app\src\testDebug\java', not found
file or directory 'C:\one\Amnos\app\src\debugUnitTest\kotlin', not found
file or directory 'C:\one\Amnos\app\src\test\java', not found
file or directory 'C:\one\Amnos\app\src\test\java', not found
file or directory 'C:\one\Amnos\app\src\testDebug\kotlin', not found
file or directory 'C:\one\Amnos\app\src\testDebug\kotlin', not found
file or directory 'C:\one\Amnos\app\src\testDebug\java', not found
file or directory 'C:\one\Amnos\app\src\testDebug\kotlin', not found
file or directory 'C:\one\Amnos\app\src\testDebug\java', not found
file or directory 'C:\one\Amnos\app\src\test\java', not found
file or directory 'C:\one\Amnos\app\src\testDebug\java', not found
file or directory 'C:\one\Amnos\app\src\debugUnitTest\kotlin', not found
file or directory 'C:\one\Amnos\app\src\test\java', not found
file or directory 'C:\one\Amnos\app\src\test\java', not found
file or directory 'C:\one\Amnos\app\src\testDebug\kotlin', not found
file or directory 'C:\one\Amnos\app\src\testDebug\kotlin', not found
file or directory 'C:\one\Amnos\app\src\testDebug\java', not found
file or directory 'C:\one\Amnos\app\src\testDebug\kotlin', not found
file or directory 'C:\one\Amnos\app\src\testDebug\java', not found
file or directory 'C:\one\Amnos\app\src\test\java', not found
file or directory 'C:\one\Amnos\app\src\testDebug\java', not found
Kotlin source files: C:\one\Amnos\app\src\test\kotlin\com\amnos\browser\core\fingerprint\FingerprintManagerTest.kt, C:\one\Amnos\app\src\test\kotlin\com\amnos\browser\core\network\DomainPolicyManagerTest.kt, C:\one\Amnos\app\src\test\kotlin\com\amnos\browser\core\network\NavigationLogicTest.kt, C:\one\Amnos\app\src\test\kotlin\com\amnos\browser\core\network\NetworkSecurityManagerTest.kt, C:\one\Amnos\app\src\test\kotlin\com\amnos\browser\core\network\PrivacyPolicyLogicTest.kt, C:\one\Amnos\app\src\test\kotlin\com\amnos\browser\core\network\SecurityRuleEngineTest.kt, C:\one\Amnos\app\src\test\kotlin\com\amnos\browser\core\network\UrlSanitizerTest.kt, C:\one\Amnos\app\src\test\kotlin\com\amnos\browser\core\security\ClipboardSentinelTest.kt, C:\one\Amnos\app\src\test\kotlin\com\amnos\browser\core\session\MainThreadPerformanceTest.kt, C:\one\Amnos\app\src\test\kotlin\com\amnos\browser\core\session\MemoryPressureTest.kt, C:\one\Amnos\app\src\test\kotlin\com\amnos\browser\core\webview\HiddenApiAccessTest.kt, C:\one\Amnos\app\src\test\kotlin\com\amnos\browser\core\webview\JavaScriptRuntimeErrorTest.kt, C:\one\Amnos\app\src\test\kotlin\com\amnos\browser\core\webview\PermissionsPolicyWarningTest.kt, C:\one\Amnos\app\src\test\kotlin\com\amnos\browser\core\webview\WebViewLifecycleTest.kt, C:\one\Amnos\app\src\test\kotlin\com\amnos\browser\ui\screens\browser\BrowserFlowRegressionTest.kt
Java source files: 
Script source files: 
Script file extensions: 
Using Kotlin/JVM incremental compilation
[KOTLIN] Kotlin compilation 'jdkHome' argument: null
i: found daemon on port 17627 (117055 ms old), trying to connect
i: connected to the daemon
Options for KOTLIN DAEMON: IncrementalCompilationOptions(super=CompilationOptions(compilerMode=INCREMENTAL_COMPILER, targetPlatform=JVM, reportCategories=[0, 3], reportSeverity=2, requestedCompilationResults=[0], kotlinScriptExtensions=[]), areFileChangesKnown=false, modifiedFiles=null, deletedFiles=null, classpathChanges=NotAvailableForNonIncrementalRun, workingDir=C:\one\Amnos\app\build\kotlin\compileDebugUnitTestKotlin\cacheable, multiModuleICSettings=MultiModuleICSettings(buildHistoryFile=C:\one\Amnos\app\build\kotlin\compileDebugUnitTestKotlin\local-state\build-history.bin, useModuleDetection=true), usePreciseJavaTracking=true, outputFiles=[C:\one\Amnos\app\build\tmp\kotlin-classes\debugUnitTest, C:\one\Amnos\app\build\kotlin\compileDebugUnitTestKotlin\cacheable, C:\one\Amnos\app\build\kotlin\compileDebugUnitTestKotlin\local-state])
./gradlew : e: file:///C:/
one/Amnos/app/src/test/kot
lin/com/amnos/browser/core
/fingerprint/FingerprintMa
nagerTest.kt:13:86 Type 
mismatch: inferred type 
is FingerprintProtectionLe
vel but PrivacyPolicy was 
expected
At line:1 char:1
+ ./gradlew 
:app:testDebugUnitTest 
--tests "com.amnos.browser
.core.netw ...
+ ~~~~~~~~~~~~~~~~~~~~~~~~
~~~~~~~~~~~~~~~~~~~~~~~~~~
~~~~~~~~~~~~~~~~~~~
    + CategoryInfo        
      : NotSpecified: (e  
  : file:///C:/o...cy w   
 as expected:String) [    
], RemoteException
    + FullyQualifiedError 
   Id : NativeCommandErr  
  or
 
e: file:///C:/one/Amnos/ap
p/src/test/kotlin/com/amno
s/browser/core/fingerprint
/FingerprintManagerTest.kt
:14:87 Type mismatch: 
inferred type is Fingerpri
ntProtectionLevel but 
PrivacyPolicy was expected
e: file:///C:/one/Amnos/ap
p/src/test/kotlin/com/amno
s/browser/core/fingerprint
/FingerprintManagerTest.kt
:21:86 Type mismatch: 
inferred type is Fingerpri
ntProtectionLevel but 
PrivacyPolicy was expected
e: file:///C:/one/Amnos/ap
p/src/test/kotlin/com/amno
s/browser/core/fingerprint
/FingerprintManagerTest.kt
:22:87 Type mismatch: 
inferred type is Fingerpri
ntProtectionLevel but 
PrivacyPolicy was expected
e: file:///C:/one/Amnos/ap
p/src/test/kotlin/com/amno
s/browser/core/fingerprint
/FingerprintManagerTest.kt
:33:13 Type mismatch: 
inferred type is Fingerpri
ntProtectionLevel but 
PrivacyPolicy was expected
e: file:///C:/one/Amnos/ap
p/src/test/kotlin/com/amno
s/browser/core/fingerprint
/FingerprintManagerTest.kt
:47:13 Type mismatch: 
inferred type is Fingerpri
ntProtectionLevel but 
PrivacyPolicy was expected
e: file:///C:/one/Amnos/ap
p/src/test/kotlin/com/amno
s/browser/core/network/Net
workSecurityManagerTest.kt
:20:77 Cannot find a 
parameter with this name: 
removeTrackingParameters
e: file:///C:/one/Amnos/ap
p/src/test/kotlin/com/amno
s/browser/core/network/Net
workSecurityManagerTest.kt
:82:44 Cannot find a 
parameter with this name: 
sandboxMode
e: file:///C:/one/Amnos/ap
p/src/test/kotlin/com/amno
s/browser/core/network/Net
workSecurityManagerTest.kt
:82:90 Unresolved 
reference: 
AmnosSandboxMode
e: file:///C:/one/Amnos/ap
p/src/test/kotlin/com/amno
s/browser/core/network/Net
workSecurityManagerTest.kt
:99:44 Cannot find a 
parameter with this name: 
sandboxMode
e: file:///C:/one/Amnos/ap
p/src/test/kotlin/com/amno
s/browser/core/network/Net
workSecurityManagerTest.kt
:99:90 Unresolved 
reference: 
AmnosSandboxMode
e: file:///C:/one/Amnos/ap
p/src/test/kotlin/com/amno
s/browser/core/network/Pri
vacyPolicyLogicTest.kt:22:
36 Cannot find a 
parameter with this name: 
blockUnsafeMethods
e: file:///C:/one/Amnos/ap
p/src/test/kotlin/com/amno
s/browser/core/network/Pri
vacyPolicyLogicTest.kt:36:
45 Cannot find a 
parameter with this name: 
blockLocalNetwork
e: file:///C:/one/Amnos/ap
p/src/test/kotlin/com/amno
s/browser/core/network/Pri
vacyPolicyLogicTest.kt:39:
48 Cannot find a 
parameter with this name: 
blockLocalNetwork
e: file:///C:/one/Amnos/ap
p/src/test/kotlin/com/amno
s/browser/core/network/Sec
urityRuleEngineTest.kt:6:4
0 Unresolved reference: 
AmnosSandboxMode
e: file:///C:/one/Amnos/ap
p/src/test/kotlin/com/amno
s/browser/core/network/Sec
urityRuleEngineTest.kt:22:
9 Cannot find a parameter 
with this name: 
sandboxMode
e: file:///C:/one/Amnos/ap
p/src/test/kotlin/com/amno
s/browser/core/network/Sec
urityRuleEngineTest.kt:22:
23 Unresolved reference: 
AmnosSandboxMode
e: file:///C:/one/Amnos/ap
p/src/test/kotlin/com/amno
s/browser/core/network/Sec
urityRuleEngineTest.kt:23:
9 Cannot find a parameter 
with this name: 
blockThirdPartyRequests
e: file:///C:/one/Amnos/ap
p/src/test/kotlin/com/amno
s/browser/core/network/Sec
urityRuleEngineTest.kt:24:
9 Cannot find a parameter 
with this name: 
blockTrackers
e: file:///C:/one/Amnos/ap
p/src/test/kotlin/com/amno
s/browser/core/webview/Jav
aScriptRuntimeErrorTest.kt
:207:13 Cannot find a 
parameter with this name: 
domStorageEnabled
e: file:///C:/one/Amnos/ap
p/src/test/kotlin/com/amno
s/browser/core/webview/Jav
aScriptRuntimeErrorTest.kt
:208:13 Cannot find a 
parameter with this name: 
blockInlineScripts
e: file:///C:/one/Amnos/ap
p/src/test/kotlin/com/amno
s/browser/core/webview/Jav
aScriptRuntimeErrorTest.kt
:209:13 Cannot find a 
parameter with this name: 
blockWebSockets
e: file:///C:/one/Amnos/ap
p/src/test/kotlin/com/amno
s/browser/core/webview/Jav
aScriptRuntimeErrorTest.kt
:210:13 Cannot find a 
parameter with this name: 
allowFirstPartyWebSockets
e: file:///C:/one/Amnos/ap
p/src/test/kotlin/com/amno
s/browser/core/webview/Jav
aScriptRuntimeErrorTest.kt
:211:13 Cannot find a 
parameter with this name: 
blockWebRtc
e: file:///C:/one/Amnos/ap
p/src/test/kotlin/com/amno
s/browser/core/webview/Jav
aScriptRuntimeErrorTest.kt
:212:13 Cannot find a 
parameter with this name: 
blockDnsPrefetch
e: file:///C:/one/Amnos/ap
p/src/test/kotlin/com/amno
s/browser/core/webview/Jav
aScriptRuntimeErrorTest.kt
:213:13 Cannot find a 
parameter with this name: 
blockPreconnect
e: file:///C:/one/Amnos/ap
p/src/test/kotlin/com/amno
s/browser/core/webview/Jav
aScriptRuntimeErrorTest.kt
:214:13 Cannot find a 
parameter with this name: 
blockEval
e: file:///C:/one/Amnos/ap
p/src/test/kotlin/com/amno
s/browser/core/webview/Jav
aScriptRuntimeErrorTest.kt
:215:13 Cannot find a 
parameter with this name: 
blockServiceWorkers
e: file:///C:/one/Amnos/ap
p/src/test/kotlin/com/amno
s/browser/core/webview/Jav
aScriptRuntimeErrorTest.kt
:216:13 Cannot find a 
parameter with this name: 
webGlMode
e: file:///C:/one/Amnos/ap
p/src/test/kotlin/com/amno
s/browser/core/webview/Jav
aScriptRuntimeErrorTest.kt
:217:13 Cannot find a 
parameter with this name: 
strictFirstPartyIsolation
e: file:///C:/one/Amnos/ap
p/src/test/kotlin/com/amno
s/browser/core/webview/Jav
aScriptRuntimeErrorTest.kt
:218:13 Cannot find a 
parameter with this name: 
fingerprintProtectionLevel
e: file:///C:/one/Amnos/ap
p/src/test/kotlin/com/amno
s/browser/core/webview/Jav
aScriptRuntimeErrorTest.kt
:219:13 Cannot find a 
parameter with this name: 
forceRelaxSecurityForDebug
e: file:///C:/one/Amnos/ap
p/src/test/kotlin/com/amno
s/browser/core/webview/Jav
aScriptRuntimeErrorTest.kt
:220:13 Cannot find a 
parameter with this name: 
javascriptMode

> Task :app:compileDebugUnitTestKotlin FAILED

FAILURE: Build failed 
with an exception.

* What went wrong:
Execution failed for task 
':app:compileDebugUnitTest
Kotlin'.
> A failure occurred 
while executing org.jetbra
ins.kotlin.compilerRunner.
GradleCompilerRunnerWithWo
rkers$GradleKotlinCompiler
WorkAction
   > Compilation error. 
See log for more details

* Try:
> Run with --stacktrace 
option to get the stack 
trace.
> Run with --debug option 
to get more log output.
> Run with --scan to get 
full insights.
> Get more help at 
https://help.gradle.org.

BUILD FAILED in 3s
21 actionable tasks: 1 executed, 20 up-to-date
Watched directory hierarchies: [C:\one\Amnos]
